Archive member included because of file (symbol)

contiki-sky.a(contiki-sky-pla)
                              obj_sky/contiki-sky-main.o (init_platform)
contiki-sky.a(button-sensor.o)
                              contiki-sky.a(contiki-sky-pla) (button_sensor)
contiki-sky.a(ds2411.o)       obj_sky/contiki-sky-main.o (ds2411_init)
contiki-sky.a(xmem.o)         obj_sky/contiki-sky-main.o (xmem_init)
contiki-sky.a(node-id.o)      obj_sky/contiki-sky-main.o (node_id_restore)
contiki-sky.a(sensors.o)      contiki-sky.a(button-sensor.o) (sensors_changed)
contiki-sky.a(cc2420.o)       obj_sky/contiki-sky-main.o (cc2420_set_pan_addr)
contiki-sky.a(cc2420-arch.o)  contiki-sky.a(cc2420.o) (cc2420_arch_init)
contiki-sky.a(uart1.o)        obj_sky/contiki-sky-main.o (uart1_active)
contiki-sky.a(uart1-putchar.o)
                              obj_sky/contiki-sky-main.o (putchar)
contiki-sky.a(msp430.o)       contiki-sky.a(uart1.o) (msp430_add_lpm_req)
contiki-sky.a(clock.o)        obj_sky/contiki-sky-main.o (clock_init)
contiki-sky.a(leds.o)         obj_sky/contiki-sky-main.o (leds_init)
contiki-sky.a(leds-arch.o)    contiki-sky.a(leds.o) (leds_arch_init)
contiki-sky.a(watchdog.o)     obj_sky/contiki-sky-main.o (watchdog_start)
contiki-sky.a(rtimer-arch.o)  obj_sky/contiki-sky-main.o (rtimer_arch_now)
contiki-sky.a(autostart.o)    obj_sky/contiki-sky-main.o (autostart_start)
contiki-sky.a(ctimer.o)       obj_sky/contiki-sky-main.o (ctimer_init)
contiki-sky.a(energest.o)     obj_sky/contiki-sky-main.o (energest_init)
contiki-sky.a(etimer.o)       contiki-sky.a(clock.o) (etimer_request_poll)
contiki-sky.a(process.o)      contiki-sky.a(ctimer.o) (process_current)
contiki-sky.a(rtimer.o)       obj_sky/contiki-sky-main.o (rtimer_init)
contiki-sky.a(timer.o)        obj_sky/contiki-sky-main.o (timer_set)
contiki-sky.a(serial-line.o)  obj_sky/contiki-sky-main.o (serial_line_input_byte)
contiki-sky.a(list.o)         contiki-sky.a(ctimer.o) (list_init)
contiki-sky.a(random.o)       obj_sky/contiki-sky-main.o (random_init)
contiki-sky.a(ringbuf.o)      contiki-sky.a(serial-line.o) (ringbuf_init)
contiki-sky.a(broadcast.o)    sensor.co (broadcast_open)
contiki-sky.a(channel.o)      contiki-sky.a(broadcast.o) (channel_set_attributes)
contiki-sky.a(rime.o)         obj_sky/contiki-sky-main.o (rime_driver)
contiki-sky.a(csma.o)         obj_sky/contiki-sky-main.o (csma_driver)
contiki-sky.a(mac.o)          contiki-sky.a(csma.o) (mac_call_sent_callback)
contiki-sky.a(linkaddr.o)     obj_sky/contiki-sky-main.o (linkaddr_copy)
contiki-sky.a(packetbuf.o)    contiki-sky.a(rime.o) (packetbuf_compact)
contiki-sky.a(queuebuf.o)     contiki-sky.a(rime.o) (queuebuf_init)
contiki-sky.a(contikimac.o)   obj_sky/contiki-sky-main.o (contikimac_driver)
contiki-sky.a(contikimac-fram)
                              contiki-sky.a(contikimac.o) (contikimac_framer)
contiki-sky.a(nullsec.o)      obj_sky/contiki-sky-main.o (nullsec_driver)
contiki-sky.a(spi.o)          contiki-sky.a(xmem.o) (spi_init)
contiki-sky.a(compower.o)     contiki-sky.a(contikimac.o) (compower_idle_activity)
contiki-sky.a(memb.o)         contiki-sky.a(csma.o) (memb_init)
contiki-sky.a(abc.o)          contiki-sky.a(broadcast.o) (abc_open)
contiki-sky.a(announcement.o)
                              contiki-sky.a(rime.o) (announcement_init)
contiki-sky.a(broadcast-annou)
                              contiki-sky.a(rime.o) (broadcast_announcement_init)
contiki-sky.a(chameleon.o)    contiki-sky.a(rime.o) (chameleon_init)
contiki-sky.a(framer-802154.o)
                              contiki-sky.a(contikimac-fram) (framer_802154)
contiki-sky.a(framer.o)       contiki-sky.a(framer-802154.o) (framer_canonical_create_and_secure)
contiki-sky.a(mac-sequence.o)
                              contiki-sky.a(contikimac.o) (mac_sequence_is_duplicate)
contiki-sky.a(chameleon-bitop)
                              contiki-sky.a(chameleon.o) (chameleon_bitopt)
contiki-sky.a(frame802154.o)  contiki-sky.a(framer-802154.o) (frame802154_hdrlen)
/usr/local/msp430/bin/../lib/gcc/msp430/4.7.0/mmpy-16/libgcc.a(_mulsi3.o)
                              contiki-sky.a(csma.o) (__mulsi3)
/usr/local/msp430/bin/../lib/gcc/msp430/4.7.0/mmpy-16/libgcc.a(_divmod16.o)
                              sensor.co (__modhi3)
/usr/local/msp430/bin/../lib/gcc/msp430/4.7.0/mmpy-16/libgcc.a(_udivmod32.o)
                              obj_sky/contiki-sky-main.o (__udivsi3)
/usr/local/msp430/bin/../lib/gcc/msp430/4.7.0/mmpy-16/libgcc.a(_udivmod16.o)
                              /usr/local/msp430/bin/../lib/gcc/msp430/4.7.0/mmpy-16/libgcc.a(_divmod16.o) (__ext_udivmod16)
/usr/local/msp430/bin/../lib/gcc/msp430/4.7.0/../../../../msp430/lib/mmpy-16/libc.a(printf.o)
                              sensor.co (printf)
/usr/local/msp430/bin/../lib/gcc/msp430/4.7.0/../../../../msp430/lib/mmpy-16/libc.a(sprintf.o)
                              sensor.co (sprintf)
[...]
Memory Configuration

Name             Origin             Length             Attributes
sfr              0x00000000         0x00000010
peripheral_8bit  0x00000010         0x000000f0
peripheral_16bit 0x00000100         0x00000100
ram_mirror       0x00000200         0x00000800         xw
infomem          0x00001000         0x00000100
infob            0x00001000         0x00000080
infoa            0x00001080         0x00000080
ram              0x00001100         0x00002800         xw
rom              0x00004000         0x0000bfe0         xr
vectors          0x0000ffe0         0x00000020
bsl              0x00000000         0x00000000
infoc            0x00000000         0x00000000
infod            0x00000000         0x00000000
ram2             0x00000000         0x00000000         xw
usbram           0x00000000         0x00000000         xw
far_rom          0x00000000         0x00000000
*default*        0x00000000         0xffffffff

Linker script and memory map

LOAD /usr/local/msp430/bin/../lib/gcc/msp430/4.7.0/mmpy-16/crt0ivtbl16.o
LOAD sensor.co
LOAD obj_sky/contiki-sky-main.o
LOAD contiki-sky.a
LOAD /usr/local/msp430/bin/../lib/gcc/msp430/4.7.0/mmpy-16/libgcc.a
LOAD /usr/local/msp430/bin/../lib/gcc/msp430/4.7.0/../../../../msp430/lib/mmpy-16/libc.a
LOAD /usr/local/msp430/bin/../lib/gcc/msp430/4.7.0/mmpy-16/libgcc.a
LOAD /usr/local/msp430/bin/../lib/gcc/msp430/4.7.0/mmpy-16/libcrt0.a
                0x00000080                PROVIDE (__info_segment_size, 0x80)
                0x00001000                PROVIDE (__infob, 0x1000)
                0x00001080                PROVIDE (__infoa, 0x1080)
                0x00000000                __IE1 = 0x0
                0x00000002                __IFG1 = 0x2
                0x00000004                __ME1 = 0x4
                0x00000001                __IE2 = 0x1
                0x00000003                __IFG2 = 0x3
                0x00000005                __ME2 = 0x5
                0x00000120                __WDTCTL = 0x120
                0x00000130                __MPY = 0x130
                0x00000132                __MPYS = 0x132
                0x00000134                __MAC = 0x134
                0x00000136                __MACS = 0x136
                0x00000138                __OP2 = 0x138
                0x0000013a                __RESLO = 0x13a
                0x0000013c                __RESHI = 0x13c
                0x0000013e                __SUMEXT = 0x13e
                0x00000020                __P1IN = 0x20
                0x00000021                __P1OUT = 0x21
                0x00000022                __P1DIR = 0x22
                0x00000023                __P1IFG = 0x23
                0x00000024                __P1IES = 0x24
                0x00000025                __P1IE = 0x25
                0x00000026                __P1SEL = 0x26
                0x00000028                __P2IN = 0x28
                0x00000029                __P2OUT = 0x29
                0x0000002a                __P2DIR = 0x2a
                0x0000002b                __P2IFG = 0x2b
                0x0000002c                __P2IES = 0x2c
                0x0000002d                __P2IE = 0x2d
                0x0000002e                __P2SEL = 0x2e
                0x00000018                __P3IN = 0x18
                0x00000019                __P3OUT = 0x19
                0x0000001a                __P3DIR = 0x1a
                0x0000001b                __P3SEL = 0x1b
                0x0000001c                __P4IN = 0x1c
                0x0000001d                __P4OUT = 0x1d
                0x0000001e                __P4DIR = 0x1e
                0x0000001f                __P4SEL = 0x1f
                0x00000030                __P5IN = 0x30
                0x00000031                __P5OUT = 0x31
                0x00000032                __P5DIR = 0x32
                0x00000033                __P5SEL = 0x33
                0x00000034                __P6IN = 0x34
                0x00000035                __P6OUT = 0x35
                0x00000036                __P6DIR = 0x36
                0x00000037                __P6SEL = 0x37
                0x00000070                __U0CTL = 0x70
                0x00000071                __U0TCTL = 0x71
                0x00000072                __U0RCTL = 0x72
                0x00000073                __U0MCTL = 0x73
                0x00000074                __U0BR0 = 0x74
                0x00000075                __U0BR1 = 0x75
                0x00000076                __U0RXBUF = 0x76
                0x00000077                __U0TXBUF = 0x77
                0x00000078                __U1CTL = 0x78
                0x00000079                __U1TCTL = 0x79
                0x0000007a                __U1RCTL = 0x7a
                0x0000007b                __U1MCTL = 0x7b
                0x0000007c                __U1BR0 = 0x7c
                0x0000007d                __U1BR1 = 0x7d
                0x0000007e                __U1RXBUF = 0x7e
                0x0000007f                __U1TXBUF = 0x7f
                0x00000050                __I2CIE = 0x50
                0x00000051                __I2CIFG = 0x51
                0x00000052                __I2CNDAT = 0x52
                0x00000071                __I2CTCTL = 0x71
                0x00000072                __I2CDCTL = 0x72
                0x00000073                __I2CPSC = 0x73
                0x00000074                __I2CSCLH = 0x74
                0x00000075                __I2CSCLL = 0x75
                0x00000076                __I2CDRB = 0x76
                0x00000076                __I2CDRW = 0x76
                0x00000118                __I2COA = 0x118
                0x0000011a                __I2CSA = 0x11a
                0x0000011c                __I2CIV = 0x11c
                0x0000012e                __TAIV = 0x12e
                0x00000160                __TACTL = 0x160
                0x00000162                __TACCTL0 = 0x162
                0x00000164                __TACCTL1 = 0x164
                0x00000166                __TACCTL2 = 0x166
                0x00000170                __TAR = 0x170
                0x00000172                __TACCR0 = 0x172
                0x00000174                __TACCR1 = 0x174
                0x00000176                __TACCR2 = 0x176
                0x0000011e                __TBIV = 0x11e
                0x00000180                __TBCTL = 0x180
                0x00000182                __TBCCTL0 = 0x182
                0x00000184                __TBCCTL1 = 0x184
                0x00000186                __TBCCTL2 = 0x186
                0x00000188                __TBCCTL3 = 0x188
                0x0000018a                __TBCCTL4 = 0x18a
                0x0000018c                __TBCCTL5 = 0x18c
                0x0000018e                __TBCCTL6 = 0x18e
                0x00000190                __TBR = 0x190
                0x00000192                __TBCCR0 = 0x192
                0x00000194                __TBCCR1 = 0x194
                0x00000196                __TBCCR2 = 0x196
                0x00000198                __TBCCR3 = 0x198
                0x0000019a                __TBCCR4 = 0x19a
                0x0000019c                __TBCCR5 = 0x19c
                0x0000019e                __TBCCR6 = 0x19e
                0x00000056                __DCOCTL = 0x56
                0x00000057                __BCSCTL1 = 0x57
                0x00000058                __BCSCTL2 = 0x58
                0x00000055                __SVSCTL = 0x55
                0x00000128                __FCTL1 = 0x128
                0x0000012a                __FCTL2 = 0x12a
                0x0000012c                __FCTL3 = 0x12c
                0x00000059                __CACTL1 = 0x59
                0x0000005a                __CACTL2 = 0x5a
                0x0000005b                __CAPD = 0x5b
                0x000001a0                __ADC12CTL0 = 0x1a0
                0x000001a2                __ADC12CTL1 = 0x1a2
                0x000001a4                __ADC12IFG = 0x1a4
                0x000001a6                __ADC12IE = 0x1a6
                0x000001a8                __ADC12IV = 0x1a8
                0x00000140                __ADC12MEM0 = 0x140
                0x00000142                __ADC12MEM1 = 0x142
                0x00000144                __ADC12MEM2 = 0x144
                0x00000146                __ADC12MEM3 = 0x146
                0x00000148                __ADC12MEM4 = 0x148
                0x0000014a                __ADC12MEM5 = 0x14a
                0x0000014c                __ADC12MEM6 = 0x14c
                0x0000014e                __ADC12MEM7 = 0x14e
                0x00000150                __ADC12MEM8 = 0x150
                0x00000152                __ADC12MEM9 = 0x152
                0x00000154                __ADC12MEM10 = 0x154
                0x00000156                __ADC12MEM11 = 0x156
                0x00000158                __ADC12MEM12 = 0x158
                0x0000015a                __ADC12MEM13 = 0x15a
                0x0000015c                __ADC12MEM14 = 0x15c
                0x0000015e                __ADC12MEM15 = 0x15e
                0x00000080                __ADC12MCTL0 = 0x80
                0x00000081                __ADC12MCTL1 = 0x81
                0x00000082                __ADC12MCTL2 = 0x82
                0x00000083                __ADC12MCTL3 = 0x83
                0x00000084                __ADC12MCTL4 = 0x84
                0x00000085                __ADC12MCTL5 = 0x85
                0x00000086                __ADC12MCTL6 = 0x86
                0x00000087                __ADC12MCTL7 = 0x87
                0x00000088                __ADC12MCTL8 = 0x88
                0x00000089                __ADC12MCTL9 = 0x89
                0x0000008a                __ADC12MCTL10 = 0x8a
                0x0000008b                __ADC12MCTL11 = 0x8b
                0x0000008c                __ADC12MCTL12 = 0x8c
                0x0000008d                __ADC12MCTL13 = 0x8d
                0x0000008e                __ADC12MCTL14 = 0x8e
                0x0000008f                __ADC12MCTL15 = 0x8f
                0x000001c0                __DAC12_0CTL = 0x1c0
                0x000001c2                __DAC12_1CTL = 0x1c2
                0x000001c8                __DAC12_0DAT = 0x1c8
                0x000001ca                __DAC12_1DAT = 0x1ca
                0x00000122                __DMACTL0 = 0x122
                0x00000124                __DMACTL1 = 0x124
                0x000001e0                __DMA0CTL = 0x1e0
                0x000001e8                __DMA1CTL = 0x1e8
                0x000001f0                __DMA2CTL = 0x1f0
                0x000001e2                __DMA0SA = 0x1e2
                0x000001e4                __DMA0DA = 0x1e4
                0x000001e6                __DMA0SZ = 0x1e6
                0x000001ea                __DMA1SA = 0x1ea
                0x000001ec                __DMA1DA = 0x1ec
                0x000001ee                __DMA1SZ = 0x1ee
                0x000001f2                __DMA2SA = 0x1f2
                0x000001f4                __DMA2DA = 0x1f4
                0x000001f6                __DMA2SZ = 0x1f6

.hash
 *(.hash)

.dynsym
 *(.dynsym)

.dynstr
 *(.dynstr)

.gnu.version
 *(.gnu.version)

.gnu.version_d
 *(.gnu.version_d)

.gnu.version_r
 *(.gnu.version_r)

.rel.init
 *(.rel.init)

.rela.init
 *(.rela.init)

.rel.fini
 *(.rel.fini)

.rela.fini
 *(.rela.fini)

.rel.text
 *(.rel.text .rel.text.* .rel.gnu.linkonce.t.*)

.rela.text
 *(.rela.text .rela.text.* .rela.gnu.linkonce.t.*)

.rel.rodata
 *(.rel.rodata .rel.rodata.* .rel.gnu.linkonce.r.*)

.rela.rodata
 *(.rela.rodata .rela.rodata.* .rela.gnu.linkonce.r.*)

.rel.data
 *(.rel.data .rel.data.* .rel.gnu.linkonce.d.*)

.rela.data
 *(.rela.data .rela.data.* .rela.gnu.linkonce.d.*)

.rel.bss
 *(.rel.bss .rel.bss.* .rel.gnu.linkonce.b.*)

.rela.bss
 *(.rela.bss .rela.bss.* .rela.gnu.linkonce.b.*)

.rel.ctors
 *(.rel.ctors)

.rela.ctors
 *(.rela.ctors)

.rel.dtors
 *(.rel.dtors)

.rela.dtors
 *(.rela.dtors)

.rel.got
 *(.rel.got)

.rela.got
 *(.rela.got)

.rel.plt
 *(.rel.plt)

.rela.plt
 *(.rela.plt)

.text           0x00004000     0x4e2e
                0x00004000                . = ALIGN (0x2)
 *(.init .init.*)
 *(.init0)
 .init0         0x00004000        0x0 /usr/local/msp430/bin/../lib/gcc/msp430/4.7.0/mmpy-16/libcrt0.a(_reset_vector__.o)
                0x00004000                _reset_vector__
 *(.init1)
 .init1         0x00004000        0xc /usr/local/msp430/bin/../lib/gcc/msp430/4.7.0/mmpy-16/libcrt0.a(__watchdog_support.o)
                0x00004000                __watchdog_support
 *(.init2)
 .init2         0x0000400c        0x4 /usr/local/msp430/bin/../lib/gcc/msp430/4.7.0/mmpy-16/libcrt0.a(__init_stack.o)
                0x0000400c                __init_stack
 *(.init3)
 .init3         0x00004010        0x0 /usr/local/msp430/bin/../lib/gcc/msp430/4.7.0/mmpy-16/libcrt0.a(__low_level_init.o)
                0x00004010                __low_level_init
 *(.init4)
 .init4         0x00004010       0x18 /usr/local/msp430/bin/../lib/gcc/msp430/4.7.0/mmpy-16/libcrt0.a(_copy_data.o)
                0x00004010                __do_copy_data
 .init4         0x00004028       0x16 /usr/local/msp430/bin/../lib/gcc/msp430/4.7.0/mmpy-16/libcrt0.a(_clear_bss.o)
                0x00004028                __do_clear_bss
 *(.init5)
 *(.init6)
 *(.init7)
 *(.init8)
 *(.init9)
 .init9         0x0000403e      0x2ce obj_sky/contiki-sky-main.o
                0x0000403e                main
 *(.fini9)
 .fini9         0x0000430c        0x0 /usr/local/msp430/bin/../lib/gcc/msp430/4.7.0/mmpy-16/libcrt0.a(__stop_progExec__.o)
                0x0000430c                __stop_progExec__
 *(.fini8)
 *(.fini7)
 *(.fini6)
 *(.fini5)
 *(.fini4)
 *(.fini3)
 *(.fini2)
 *(.fini1)
 *(.fini0)
 .fini0         0x0000430c        0x6 /usr/local/msp430/bin/../lib/gcc/msp430/4.7.0/mmpy-16/libcrt0.a(_endless_loop__.o)
                0x0000430c                _endless_loop__
 *(.fini .fini.*)
                0x00004312                . = ALIGN (0x2)
                0x00004312                __ctors_start = .
 *(.ctors)
                0x00004312                __ctors_end = .
                0x00004312                __dtors_start = .
 *(.dtors)
                0x00004312                __dtors_end = .
                0x00004312                . = ALIGN (0x2)
 *(.text .text.* .gnu.linkonce.t.*)
 .text          0x00004312        0x4 /usr/local/msp430/bin/../lib/gcc/msp430/4.7.0/mmpy-16/crt0ivtbl16.o
                0x00004312                __isr_14
                0x00004312                __isr_11
                0x00004312                __isr_2
                0x00004312                __isr_7
                0x00004312                __isr_0
                0x00004312                __isr_8
                0x00004312                __isr_3
                0x00004312                __isr_12
                0x00004312                __isr_13
                0x00004312                __isr_9
 .text.broadcast_recv
                0x00004316        0x2 sensor.co
 .text.process_thread_sensor_node_process
                0x00004318      0x108 sensor.co
 .text.start_network_layer
                0x00004420       0x3c obj_sky/contiki-sky-main.o
 .text.init_platform
                0x0000445c        0xc contiki-sky.a(contiki-sky-pla)
                0x0000445c                init_platform
 .text.status   0x00004468       0x18 contiki-sky.a(button-sensor.o)
 .text.value    0x00004480       0x20 contiki-sky.a(button-sensor.o)
 .text.configure
                0x000044a0       0x4c contiki-sky.a(button-sensor.o)
 .text.irq_p2   0x000044ec       0x88 contiki-sky.a(button-sensor.o)
                0x000044ec                irq_p2
                0x000044ec                __isr_1
 .text.owreadb  0x00004574       0x50 contiki-sky.a(ds2411.o)
 .text.ds2411_init
                0x000045c4      0x120 contiki-sky.a(ds2411.o)
                0x000045c4                ds2411_init
 .text.wait_ready
                0x000046e4       0x4a contiki-sky.a(xmem.o)
 .text.xmem_init
                0x0000472e       0x3c contiki-sky.a(xmem.o)
                0x0000472e                xmem_init
 .text.xmem_pread
                0x0000476a       0xe0 contiki-sky.a(xmem.o)
                0x0000476a                xmem_pread
 .text.node_id_restore
                0x0000484a       0x38 contiki-sky.a(node-id.o)
                0x0000484a                node_id_restore
 .text.process_thread_sensors_process
                0x00004882       0xc2 contiki-sky.a(sensors.o)
 .text.sensors_changed
                0x00004944       0x2a contiki-sky.a(sensors.o)
                0x00004944                sensors_changed
 .text.get_object
                0x0000496e        0x4 contiki-sky.a(cc2420.o)
 .text.set_object
                0x00004972        0x4 contiki-sky.a(cc2420.o)
 .text.strobe   0x00004976       0x1c contiki-sky.a(cc2420.o)
 .text.getreg   0x00004992       0x4c contiki-sky.a(cc2420.o)
 .text.setreg   0x000049de       0x4c contiki-sky.a(cc2420.o)
 .text.write_ram
                0x00004a2a       0x7c contiki-sky.a(cc2420.o)
 .text.write_fifo_buf
                0x00004aa6       0x3c contiki-sky.a(cc2420.o)
 .text.get_status
                0x00004ae2       0x20 contiki-sky.a(cc2420.o)
 .text.set_txpower
                0x00004b02       0x24 contiki-sky.a(cc2420.o)
 .text.cc2420_receiving_packet
                0x00004b26        0xc contiki-sky.a(cc2420.o)
 .text.pending_packet
                0x00004b32        0x8 contiki-sky.a(cc2420.o)
 .text.on       0x00004b3a       0x1e contiki-sky.a(cc2420.o)
 .text.wait_for_transmission
                0x00004b58       0x22 contiki-sky.a(cc2420.o)
 .text.wait_for_status
                0x00004b7a       0x28 contiki-sky.a(cc2420.o)
 .text.getrxdata
                0x00004ba2       0x50 contiki-sky.a(cc2420.o)
 .text.flushrx  0x00004bf2       0x1a contiki-sky.a(cc2420.o)
 .text.off      0x00004c0c       0x56 contiki-sky.a(cc2420.o)
 .text.RELEASE_LOCK
                0x00004c62       0x28 contiki-sky.a(cc2420.o)
 .text.set_key  0x00004c8a       0x18 contiki-sky.a(cc2420.o)
 .text.cc2420_prepare
                0x00004ca2       0x3c contiki-sky.a(cc2420.o)
 .text.cc2420_on
                0x00004cde       0x22 contiki-sky.a(cc2420.o)
                0x00004cde                cc2420_on
 .text.cc2420_off
                0x00004d00       0x30 contiki-sky.a(cc2420.o)
                0x00004d00                cc2420_off
 .text.cc2420_cca
                0x00004d30       0x68 contiki-sky.a(cc2420.o)
 .text.cc2420_read
                0x00004d98       0xac contiki-sky.a(cc2420.o)
 .text.process_thread_cc2420_process
                0x00004e44       0x54 contiki-sky.a(cc2420.o)
 .text.encrypt  0x00004e98       0x88 contiki-sky.a(cc2420.o)
 .text.cc2420_set_channel
                0x00004f20       0x3c contiki-sky.a(cc2420.o)
                0x00004f20                cc2420_set_channel
 .text.cc2420_set_pan_addr
                0x00004f5c       0x4c contiki-sky.a(cc2420.o)
                0x00004f5c                cc2420_set_pan_addr
 .text.cc2420_interrupt
                0x00004fa8       0x16 contiki-sky.a(cc2420.o)
                0x00004fa8                cc2420_interrupt
 .text.cc2420_set_txpower
                0x00004fbe        0xe contiki-sky.a(cc2420.o)
                0x00004fbe                cc2420_set_txpower
 .text.cc2420_get_txpower
                0x00004fcc       0x1e contiki-sky.a(cc2420.o)
                0x00004fcc                cc2420_get_txpower
 .text.cc2420_transmit
                0x00004fea      0x12c contiki-sky.a(cc2420.o)
 .text.cc2420_send
                0x00005116       0x12 contiki-sky.a(cc2420.o)
 .text.cc2420_rssi
                0x00005128       0x4c contiki-sky.a(cc2420.o)
                0x00005128                cc2420_rssi
 .text.get_value
                0x00005174       0xa8 contiki-sky.a(cc2420.o)
 .text.cc2420_set_cca_threshold
                0x0000521c       0x16 contiki-sky.a(cc2420.o)
                0x0000521c                cc2420_set_cca_threshold
 .text.set_value
                0x00005232       0x86 contiki-sky.a(cc2420.o)
 .text.cc2420_init
                0x000052b8       0xd8 contiki-sky.a(cc2420.o)
                0x000052b8                cc2420_init
 .text.cc2420_port1_interrupt
                0x00005390       0x62 contiki-sky.a(cc2420-arch.o)
                0x00005390                __isr_4
                0x00005390                cc2420_port1_interrupt
 .text.cc2420_arch_init
                0x000053f2       0x1a contiki-sky.a(cc2420-arch.o)
                0x000053f2                cc2420_arch_init
 .text.handle_rxdma_timer
                0x0000540c       0x3a contiki-sky.a(uart1.o)
 .text.uart1_active
                0x00005446       0x18 contiki-sky.a(uart1.o)
                0x00005446                uart1_active
 .text.uart1_set_input
                0x0000545e       0x20 contiki-sky.a(uart1.o)
                0x0000545e                uart1_set_input
 .text.uart1_writeb
                0x0000547e       0x18 contiki-sky.a(uart1.o)
                0x0000547e                uart1_writeb
 .text.uart1_init
                0x00005496       0xf4 contiki-sky.a(uart1.o)
                0x00005496                uart1_init
 .text.putchar  0x0000558a       0x10 contiki-sky.a(uart1-putchar.o)
                0x0000558a                putchar
 .text.msp430_init_dco
                0x0000559a       0x82 contiki-sky.a(msp430.o)
                0x0000559a                msp430_init_dco
 .text.msp430_add_lpm_req
                0x0000561c        0xc contiki-sky.a(msp430.o)
                0x0000561c                msp430_add_lpm_req
 .text.msp430_cpu_init
                0x00005628       0x2a contiki-sky.a(msp430.o)
                0x00005628                msp430_cpu_init
 .text.splhigh_
                0x00005652        0x8 contiki-sky.a(msp430.o)
                0x00005652                splhigh_
 .text.msp430_sync_dco
                0x0000565a       0x6c contiki-sky.a(msp430.o)
                0x0000565a                msp430_sync_dco
 .text.timera1  0x000056c6      0x11e contiki-sky.a(clock.o)
                0x000056c6                __isr_5
                0x000056c6                timera1
 .text.clock_time
                0x000057e4       0x1a contiki-sky.a(clock.o)
                0x000057e4                clock_time
 .text.clock_init
                0x000057fe       0x28 contiki-sky.a(clock.o)
                0x000057fe                clock_init
 .text.clock_delay
                0x00005826        0xc contiki-sky.a(clock.o)
                0x00005826                clock_delay
 .text.show_leds
                0x00005832       0xf0 contiki-sky.a(leds.o)
 .text.leds_init
                0x00005922        0xa contiki-sky.a(leds.o)
                0x00005922                leds_init
 .text.leds_on  0x0000592c        0xa contiki-sky.a(leds.o)
                0x0000592c                leds_on
 .text.leds_off
                0x00005936        0xe contiki-sky.a(leds.o)
                0x00005936                leds_off
 .text.leds_arch_init
                0x00005944        0xe contiki-sky.a(leds-arch.o)
                0x00005944                leds_arch_init
 .text.leds_arch_set
                0x00005952       0x38 contiki-sky.a(leds-arch.o)
                0x00005952                leds_arch_set
 .text.watchdog_interrupt
                0x0000598a        0x6 contiki-sky.a(watchdog.o)
                0x0000598a                __isr_10
                0x0000598a                watchdog_interrupt
 .text.watchdog_start
                0x00005990       0x14 contiki-sky.a(watchdog.o)
                0x00005990                watchdog_start
 .text.watchdog_periodic
                0x000059a4       0x12 contiki-sky.a(watchdog.o)
                0x000059a4                watchdog_periodic
 .text.watchdog_stop
                0x000059b6       0x16 contiki-sky.a(watchdog.o)
                0x000059b6                watchdog_stop
 .text.watchdog_init
                0x000059cc       0x12 contiki-sky.a(watchdog.o)
                0x000059cc                watchdog_init
 .text.rtimer_arch_init
                0x000059de        0xe contiki-sky.a(rtimer-arch.o)
                0x000059de                rtimer_arch_init
 .text.rtimer_arch_now
                0x000059ec        0xe contiki-sky.a(rtimer-arch.o)
                0x000059ec                rtimer_arch_now
 .text.timera0  0x000059fa       0x70 contiki-sky.a(rtimer-arch.o)
                0x000059fa                __isr_6
                0x000059fa                timera0
 .text.rtimer_arch_schedule
                0x00005a6a        0x6 contiki-sky.a(rtimer-arch.o)
                0x00005a6a                rtimer_arch_schedule
 .text.autostart_start
                0x00005a70       0x16 contiki-sky.a(autostart.o)
                0x00005a70                autostart_start
 .text.process_thread_ctimer_process
                0x00005a86       0xa8 contiki-sky.a(ctimer.o)
 .text.ctimer_init
                0x00005b2e       0x18 contiki-sky.a(ctimer.o)
                0x00005b2e                ctimer_init
 .text.ctimer_set
                0x00005b46       0x50 contiki-sky.a(ctimer.o)
                0x00005b46                ctimer_set
 .text.ctimer_reset
                0x00005b96       0x30 contiki-sky.a(ctimer.o)
                0x00005b96                ctimer_reset
 .text.ctimer_stop
                0x00005bc6       0x28 contiki-sky.a(ctimer.o)
                0x00005bc6                ctimer_stop
 .text.energest_init
                0x00005bee       0x26 contiki-sky.a(energest.o)
                0x00005bee                energest_init
 .text.energest_type_time
                0x00005c14       0x48 contiki-sky.a(energest.o)
                0x00005c14                energest_type_time
 .text.energest_type_set
                0x00005c5c        0xe contiki-sky.a(energest.o)
                0x00005c5c                energest_type_set
 .text.energest_flush
                0x00005c6a       0x48 contiki-sky.a(energest.o)
                0x00005c6a                energest_flush
 .text.update_time
                0x00005cb2       0x78 contiki-sky.a(etimer.o)
 .text.etimer_request_poll
                0x00005d2a        0xa contiki-sky.a(etimer.o)
                0x00005d2a                etimer_request_poll
 .text.process_thread_etimer_process
                0x00005d34       0xcc contiki-sky.a(etimer.o)
 .text.add_timer
                0x00005e00       0x40 contiki-sky.a(etimer.o)
 .text.etimer_set
                0x00005e40       0x12 contiki-sky.a(etimer.o)
                0x00005e40                etimer_set
 .text.etimer_reset
                0x00005e52       0x12 contiki-sky.a(etimer.o)
                0x00005e52                etimer_reset
 .text.etimer_expired
                0x00005e64        0xe contiki-sky.a(etimer.o)
                0x00005e64                etimer_expired
 .text.etimer_pending
                0x00005e72        0xc contiki-sky.a(etimer.o)
                0x00005e72                etimer_pending
 .text.etimer_next_expiration_time
                0x00005e7e       0x16 contiki-sky.a(etimer.o)
                0x00005e7e                etimer_next_expiration_time
 .text.etimer_stop
                0x00005e94       0x3e contiki-sky.a(etimer.o)
                0x00005e94                etimer_stop
 .text.call_process
                0x00005ed2       0x46 contiki-sky.a(process.o)
 .text.exit_process
                0x00005f18       0x96 contiki-sky.a(process.o)
 .text.do_poll  0x00005fae       0x30 contiki-sky.a(process.o)
 .text.process_alloc_event
                0x00005fde        0xe contiki-sky.a(process.o)
                0x00005fde                process_alloc_event
 .text.process_init
                0x00005fec       0x1c contiki-sky.a(process.o)
                0x00005fec                process_init
 .text.process_run
                0x00006008       0xa2 contiki-sky.a(process.o)
                0x00006008                process_run
 .text.process_nevents
                0x000060aa        0xe contiki-sky.a(process.o)
                0x000060aa                process_nevents
 .text.process_post
                0x000060b8       0x54 contiki-sky.a(process.o)
                0x000060b8                process_post
 .text.process_post_synch
                0x0000610c       0x12 contiki-sky.a(process.o)
                0x0000610c                process_post_synch
 .text.process_start
                0x0000611e       0x36 contiki-sky.a(process.o)
                0x0000611e                process_start
 .text.process_poll
                0x00006154       0x18 contiki-sky.a(process.o)
                0x00006154                process_poll
 .text.rtimer_init
                0x0000616c        0x6 contiki-sky.a(rtimer.o)
                0x0000616c                rtimer_init
 .text.rtimer_set
                0x00006172       0x24 contiki-sky.a(rtimer.o)
                0x00006172                rtimer_set
 .text.rtimer_run_next
                0x00006196       0x26 contiki-sky.a(rtimer.o)
                0x00006196                rtimer_run_next
 .text.timer_set
                0x000061bc       0x1c contiki-sky.a(timer.o)
                0x000061bc                timer_set
 .text.timer_reset
                0x000061d8        0xe contiki-sky.a(timer.o)
                0x000061d8                timer_reset
 .text.timer_expired
                0x000061e6       0x2a contiki-sky.a(timer.o)
                0x000061e6                timer_expired
 .text.process_thread_serial_line_process
                0x00006210       0x9e contiki-sky.a(serial-line.o)
 .text.serial_line_input_byte
                0x000062ae       0x4a contiki-sky.a(serial-line.o)
                0x000062ae                serial_line_input_byte
 .text.serial_line_init
                0x000062f8       0x1c contiki-sky.a(serial-line.o)
                0x000062f8                serial_line_init
 .text.list_init
                0x00006314        0x6 contiki-sky.a(list.o)
                0x00006314                list_init
 .text.list_head
                0x0000631a        0x4 contiki-sky.a(list.o)
                0x0000631a                list_head
 .text.list_tail
                0x0000631e       0x12 contiki-sky.a(list.o)
                0x0000631e                list_tail
 .text.list_remove
                0x00006330       0x34 contiki-sky.a(list.o)
                0x00006330                list_remove
 .text.list_push
                0x00006364       0x1a contiki-sky.a(list.o)
                0x00006364                list_push
 .text.list_add
                0x0000637e       0x2a contiki-sky.a(list.o)
                0x0000637e                list_add
 .text.list_length
                0x000063a8       0x10 contiki-sky.a(list.o)
                0x000063a8                list_length
 .text.list_item_next
                0x000063b8        0xc contiki-sky.a(list.o)
                0x000063b8                list_item_next
 .text.random_init
                0x000063c4        0x6 contiki-sky.a(random.o)
                0x000063c4                random_init
 .text.random_rand
                0x000063ca        0x6 contiki-sky.a(random.o)
                0x000063ca                random_rand
 .text.ringbuf_init
                0x000063d0       0x14 contiki-sky.a(ringbuf.o)
                0x000063d0                ringbuf_init
 .text.ringbuf_put
                0x000063e4       0x38 contiki-sky.a(ringbuf.o)
                0x000063e4                ringbuf_put
 .text.ringbuf_get
                0x0000641c       0x32 contiki-sky.a(ringbuf.o)
                0x0000641c                ringbuf_get
 .text.sent_by_abc
                0x0000644e       0x10 contiki-sky.a(broadcast.o)
 .text.recv_from_abc
                0x0000645e       0x26 contiki-sky.a(broadcast.o)
 .text.broadcast_open
                0x00006484       0x2a contiki-sky.a(broadcast.o)
                0x00006484                broadcast_open
 .text.broadcast_close
                0x000064ae        0x6 contiki-sky.a(broadcast.o)
                0x000064ae                broadcast_close
 .text.broadcast_send
                0x000064b4       0x1a contiki-sky.a(broadcast.o)
                0x000064b4                broadcast_send
 .text.channel_init
                0x000064ce        0xa contiki-sky.a(channel.o)
                0x000064ce                channel_init
 .text.channel_open
                0x000064d8       0x10 contiki-sky.a(channel.o)
                0x000064d8                channel_open
 .text.channel_close
                0x000064e8        0xc contiki-sky.a(channel.o)
                0x000064e8                channel_close
 .text.channel_lookup
                0x000064f4       0x20 contiki-sky.a(channel.o)
                0x000064f4                channel_lookup
 .text.channel_set_attributes
                0x00006514       0x24 contiki-sky.a(channel.o)
                0x00006514                channel_set_attributes
 .text.input    0x00006538       0x3a contiki-sky.a(rime.o)
 .text.init     0x00006572       0x2e contiki-sky.a(rime.o)
 .text.packet_sent
                0x000065a0       0x44 contiki-sky.a(rime.o)
 .text.rime_output
                0x000065e4       0x24 contiki-sky.a(rime.o)
                0x000065e4                rime_output
 .text.input_packet
                0x00006608        0x6 contiki-sky.a(csma.o)
 .text.on       0x0000660e        0x6 contiki-sky.a(csma.o)
 .text.off      0x00006614        0x6 contiki-sky.a(csma.o)
 .text.channel_check_interval
                0x0000661a       0x10 contiki-sky.a(csma.o)
 .text.transmit_packet_list
                0x0000662a       0x24 contiki-sky.a(csma.o)
 .text.init     0x0000664e       0x1a contiki-sky.a(csma.o)
 .text.send_packet
                0x00006668      0x184 contiki-sky.a(csma.o)
 .text.free_packet
                0x000067ec       0x98 contiki-sky.a(csma.o)
 .text.packet_sent
                0x00006884      0x130 contiki-sky.a(csma.o)
 .text.mac_call_sent_callback
                0x000069b4       0x14 contiki-sky.a(mac.o)
                0x000069b4                mac_call_sent_callback
 .text.linkaddr_copy
                0x000069c8        0xc contiki-sky.a(linkaddr.o)
                0x000069c8                linkaddr_copy
 .text.linkaddr_cmp
                0x000069d4       0x12 contiki-sky.a(linkaddr.o)
                0x000069d4                linkaddr_cmp
 .text.linkaddr_set_node_addr
                0x000069e6        0xc contiki-sky.a(linkaddr.o)
                0x000069e6                linkaddr_set_node_addr
 .text.packetbuf_compact
                0x000069f2       0x2e contiki-sky.a(packetbuf.o)
                0x000069f2                packetbuf_compact
 .text.packetbuf_copyto
                0x00006a20       0x52 contiki-sky.a(packetbuf.o)
                0x00006a20                packetbuf_copyto
 .text.packetbuf_hdrreduce
                0x00006a72       0x1a contiki-sky.a(packetbuf.o)
                0x00006a72                packetbuf_hdrreduce
 .text.packetbuf_set_datalen
                0x00006a8c        0x6 contiki-sky.a(packetbuf.o)
                0x00006a8c                packetbuf_set_datalen
 .text.packetbuf_dataptr
                0x00006a92        0xe contiki-sky.a(packetbuf.o)
                0x00006a92                packetbuf_dataptr
 .text.packetbuf_hdrptr
                0x00006aa0        0xa contiki-sky.a(packetbuf.o)
                0x00006aa0                packetbuf_hdrptr
 .text.packetbuf_datalen
                0x00006aaa        0x6 contiki-sky.a(packetbuf.o)
                0x00006aaa                packetbuf_datalen
 .text.packetbuf_hdrlen
                0x00006ab0       0x10 contiki-sky.a(packetbuf.o)
                0x00006ab0                packetbuf_hdrlen
 .text.packetbuf_totlen
                0x00006ac0        0xc contiki-sky.a(packetbuf.o)
                0x00006ac0                packetbuf_totlen
 .text.packetbuf_hdralloc
                0x00006acc       0x2e contiki-sky.a(packetbuf.o)
                0x00006acc                packetbuf_hdralloc
 .text.packetbuf_attr_clear
                0x00006afa       0x2c contiki-sky.a(packetbuf.o)
                0x00006afa                packetbuf_attr_clear
 .text.packetbuf_clear
                0x00006b26       0x1a contiki-sky.a(packetbuf.o)
                0x00006b26                packetbuf_clear
 .text.packetbuf_copyfrom
                0x00006b40       0x2e contiki-sky.a(packetbuf.o)
                0x00006b40                packetbuf_copyfrom
 .text.packetbuf_attr_copyto
                0x00006b6e       0x20 contiki-sky.a(packetbuf.o)
                0x00006b6e                packetbuf_attr_copyto
 .text.packetbuf_attr_copyfrom
                0x00006b8e       0x22 contiki-sky.a(packetbuf.o)
                0x00006b8e                packetbuf_attr_copyfrom
 .text.packetbuf_holds_broadcast
                0x00006bb0        0xe contiki-sky.a(packetbuf.o)
                0x00006bb0                packetbuf_holds_broadcast
 .text.queuebuf_init
                0x00006bbe       0x12 contiki-sky.a(queuebuf.o)
                0x00006bbe                queuebuf_init
 .text.queuebuf_new_from_packetbuf
                0x00006bd0       0x52 contiki-sky.a(queuebuf.o)
                0x00006bd0                queuebuf_new_from_packetbuf
 .text.queuebuf_update_attr_from_packetbuf
                0x00006c22       0x12 contiki-sky.a(queuebuf.o)
                0x00006c22                queuebuf_update_attr_from_packetbuf
 .text.queuebuf_update_from_packetbuf
                0x00006c34       0x22 contiki-sky.a(queuebuf.o)
                0x00006c34                queuebuf_update_from_packetbuf
 .text.queuebuf_free
                0x00006c56       0x2a contiki-sky.a(queuebuf.o)
                0x00006c56                queuebuf_free
 .text.queuebuf_to_packetbuf
                0x00006c80       0x32 contiki-sky.a(queuebuf.o)
                0x00006c80                queuebuf_to_packetbuf
 .text.queuebuf_attr
                0x00006cb2        0xe contiki-sky.a(queuebuf.o)
                0x00006cb2                queuebuf_attr
 .text.duty_cycle
                0x00006cc0        0x6 contiki-sky.a(contikimac.o)
 .text.init     0x00006cc6       0x2a contiki-sky.a(contikimac.o)
 .text.on       0x00006cf0       0x1a contiki-sky.a(contikimac.o)
 .text.off      0x00006d0a       0x22 contiki-sky.a(contikimac.o)
 .text.recv_burst_off
                0x00006d2c        0xa contiki-sky.a(contikimac.o)
 .text.turn_off
                0x00006d36       0x20 contiki-sky.a(contikimac.o)
 .text.turn_on  0x00006d56       0x30 contiki-sky.a(contikimac.o)
 .text.schedule_powercycle_fixed.part.4
                0x00006d86       0x34 contiki-sky.a(contikimac.o)
 .text.powercycle_turn_radio_off
                0x00006dba       0x30 contiki-sky.a(contikimac.o)
 .text.input_packet
                0x00006dea       0xb6 contiki-sky.a(contikimac.o)
 .text.send_packet.isra.7
                0x00006ea0      0x20c contiki-sky.a(contikimac.o)
 .text.qsend_list
                0x000070ac       0xc4 contiki-sky.a(contikimac.o)
 .text.qsend_packet
                0x00007170       0x28 contiki-sky.a(contikimac.o)
 .text.powercycle
                0x00007198      0x1d6 contiki-sky.a(contikimac.o)
 .text.hdr_length
                0x0000736e        0x8 contiki-sky.a(contikimac-fram)
 .text.parse    0x00007376       0x3e contiki-sky.a(contikimac-fram)
 .text.create   0x000073b4       0x26 contiki-sky.a(contikimac-fram)
 .text.create_and_secure
                0x000073da       0x6a contiki-sky.a(contikimac-fram)
 .text.bootstrap
                0x00007444        0x4 contiki-sky.a(nullsec.o)
 .text.send     0x00007448        0xa contiki-sky.a(nullsec.o)
 .text.on_frame_created
                0x00007452        0x4 contiki-sky.a(nullsec.o)
 .text.input    0x00007456        0x6 contiki-sky.a(nullsec.o)
 .text.get_overhead
                0x0000745c        0x4 contiki-sky.a(nullsec.o)
 .text.spi_init
                0x00007460       0x30 contiki-sky.a(spi.o)
                0x00007460                spi_init
 .text.compower_accumulate
                0x00007490       0x72 contiki-sky.a(compower.o)
                0x00007490                compower_accumulate
 .text.compower_clear
                0x00007502       0x12 contiki-sky.a(compower.o)
                0x00007502                compower_clear
 .text.compower_attrconv
                0x00007514       0x10 contiki-sky.a(compower.o)
                0x00007514                compower_attrconv
 .text.memb_init
                0x00007524       0x36 contiki-sky.a(memb.o)
                0x00007524                memb_init
 .text.memb_alloc
                0x0000755a       0x3e contiki-sky.a(memb.o)
                0x0000755a                memb_alloc
 .text.memb_free
                0x00007598       0x3a contiki-sky.a(memb.o)
                0x00007598                memb_free
 .text.memb_inmemb
                0x000075d2       0x2a contiki-sky.a(memb.o)
                0x000075d2                memb_inmemb
 .text.abc_open
                0x000075fc       0x26 contiki-sky.a(abc.o)
                0x000075fc                abc_open
 .text.abc_close
                0x00007622        0x6 contiki-sky.a(abc.o)
                0x00007622                abc_close
 .text.abc_send
                0x00007628        0x6 contiki-sky.a(abc.o)
                0x00007628                abc_send
 .text.abc_input
                0x0000762e        0xe contiki-sky.a(abc.o)
                0x0000762e                abc_input
 .text.abc_sent
                0x0000763c       0x10 contiki-sky.a(abc.o)
                0x0000763c                abc_sent
 .text.announcement_init
                0x0000764c        0xa contiki-sky.a(announcement.o)
                0x0000764c                announcement_init
 .text.announcement_register_observer_callback
                0x00007656        0x6 contiki-sky.a(announcement.o)
                0x00007656                announcement_register_observer_callback
 .text.announcement_list
                0x0000765c        0xa contiki-sky.a(announcement.o)
                0x0000765c                announcement_list
 .text.announcement_heard
                0x00007666       0x42 contiki-sky.a(announcement.o)
                0x00007666                announcement_heard
 .text.adv_packet_sent
                0x000076a8        0x2 contiki-sky.a(broadcast-annou)
 .text.adv_packet_received
                0x000076aa       0x64 contiki-sky.a(broadcast-annou)
 .text.set_timers
                0x0000770e       0x4a contiki-sky.a(broadcast-annou)
 .text.send_timer
                0x00007758       0x32 contiki-sky.a(broadcast-annou)
 .text.send_adv
                0x0000778a       0x66 contiki-sky.a(broadcast-annou)
 .text.new_announcement
                0x000077f0       0x18 contiki-sky.a(broadcast-annou)
 .text.broadcast_announcement_init
                0x00007808       0x48 contiki-sky.a(broadcast-annou)
                0x00007808                broadcast_announcement_init
 .text.chameleon_init
                0x00007850        0x6 contiki-sky.a(chameleon.o)
                0x00007850                chameleon_init
 .text.chameleon_parse
                0x00007856       0x10 contiki-sky.a(chameleon.o)
                0x00007856                chameleon_parse
 .text.chameleon_create
                0x00007866       0x1c contiki-sky.a(chameleon.o)
                0x00007866                chameleon_create
 .text.chameleon_hdrsize
                0x00007882        0x6 contiki-sky.a(chameleon.o)
                0x00007882                chameleon_hdrsize
 .text.create_frame.isra.0
                0x00007888      0x104 contiki-sky.a(framer-802154.o)
 .text.create   0x0000798c        0x8 contiki-sky.a(framer-802154.o)
 .text.hdr_length
                0x00007994        0x8 contiki-sky.a(framer-802154.o)
 .text.parse    0x0000799c       0xa4 contiki-sky.a(framer-802154.o)
 .text.framer_canonical_create_and_secure
                0x00007a40       0x20 contiki-sky.a(framer.o)
                0x00007a40                framer_canonical_create_and_secure
 .text.mac_sequence_is_duplicate
                0x00007a60       0x3c contiki-sky.a(mac-sequence.o)
                0x00007a60                mac_sequence_is_duplicate
 .text.mac_sequence_register_seqno
                0x00007a9c       0x5c contiki-sky.a(mac-sequence.o)
                0x00007a9c                mac_sequence_register_seqno
 .text.header_size
                0x00007af8       0x16 contiki-sky.a(chameleon-bitop)
 .text.get_bits_in_byte
                0x00007b0e       0x3a contiki-sky.a(chameleon-bitop)
                0x00007b0e                get_bits_in_byte
 .text.get_bits
                0x00007b48       0xa2 contiki-sky.a(chameleon-bitop)
                0x00007b48                get_bits
 .text.unpack_header
                0x00007bea       0xd2 contiki-sky.a(chameleon-bitop)
 .text.set_bits_in_byte
                0x00007cbc       0x2c contiki-sky.a(chameleon-bitop)
                0x00007cbc                set_bits_in_byte
 .text.set_bits
                0x00007ce8       0xc8 contiki-sky.a(chameleon-bitop)
                0x00007ce8                set_bits
 .text.pack_header
                0x00007db0       0xbe contiki-sky.a(chameleon-bitop)
 .text.field_len
                0x00007e6e       0x90 contiki-sky.a(frame802154.o)
 .text.frame802154_hdrlen
                0x00007efe       0x2e contiki-sky.a(frame802154.o)
                0x00007efe                frame802154_hdrlen
 .text.frame802154_create
                0x00007f2c      0x146 contiki-sky.a(frame802154.o)
                0x00007f2c                frame802154_create
 .text.frame802154_parse
                0x00008072      0x1ba contiki-sky.a(frame802154.o)
                0x00008072                frame802154_parse
 .text.libgcc   0x0000822c       0x2c /usr/local/msp430/bin/../lib/gcc/msp430/4.7.0/mmpy-16/libgcc.a(_mulsi3.o)
                0x0000822c                __mulsi3
 .text.libgcc   0x00008258       0x3a /usr/local/msp430/bin/../lib/gcc/msp430/4.7.0/mmpy-16/libgcc.a(_divmod16.o)
                0x00008258                __ext_divmod16
                0x00008258                __divhi3
                0x0000828a                __modhi3
 .text.libgcc   0x00008292       0x40 /usr/local/msp430/bin/../lib/gcc/msp430/4.7.0/mmpy-16/libgcc.a(_udivmod32.o)
                0x00008292                __udivsi3
                0x00008292                __ext_udivmod32
                0x000082c8                __umodsi3
 .text.libgcc   0x000082d2       0x22 /usr/local/msp430/bin/../lib/gcc/msp430/4.7.0/mmpy-16/libgcc.a(_udivmod16.o)
                0x000082d2                __udivhi3
                0x000082d2                __ext_udivmod16
                0x000082ec                __umodhi3
 .text.printf   0x000082f4       0x10 /usr/local/msp430/bin/../lib/gcc/msp430/4.7.0/../../../../msp430/lib/mmpy-16/libc.a(printf.o)
                0x000082f4                printf
 .text.append   0x00008304       0x22 /usr/local/msp430/bin/../lib/gcc/msp430/4.7.0/../../../../msp430/lib/mmpy-16/libc.a(sprintf.o)
 .text.call_vuprintf
                0x00008326       0x3a /usr/local/msp430/bin/../lib/gcc/msp430/4.7.0/../../../../msp430/lib/mmpy-16/libc.a(sprintf.o)
 .text.sprintf  0x00008360       0x1c /usr/local/msp430/bin/../lib/gcc/msp430/4.7.0/../../../../msp430/lib/mmpy-16/libc.a(sprintf.o)
                0x00008360                sprintf
 .text.print_field
                0x0000837c      0x194 /usr/local/msp430/bin/../lib/gcc/msp430/4.7.0/../../../../msp430/lib/mmpy-16/libc.a(vuprintf.o)
 .text.vuprintf
                0x00008510      0x63c /usr/local/msp430/bin/../lib/gcc/msp430/4.7.0/../../../../msp430/lib/mmpy-16/libc.a(vuprintf.o)
                0x00008510                vuprintf
 .text.puts     0x00008b4c       0x2c /usr/local/msp430/bin/../lib/gcc/msp430/4.7.0/../../../../msp430/lib/mmpy-16/libc.a(puts.o)
                0x00008b4c                puts
 .text.rand     0x00008b78       0x26 /usr/local/msp430/bin/../lib/gcc/msp430/4.7.0/../../../../msp430/lib/mmpy-16/libc.a(rand.o)
                0x00008b78                rand
 .text.srand    0x00008b9e        0xa /usr/local/msp430/bin/../lib/gcc/msp430/4.7.0/../../../../msp430/lib/mmpy-16/libc.a(rand.o)
                0x00008b9e                srand
 .text.memcmp   0x00008ba8       0x30 /usr/local/msp430/bin/../lib/gcc/msp430/4.7.0/../../../../msp430/lib/mmpy-16/libc.a(memcmp.o)
                0x00008ba8                memcmp
 .text.memcpy   0x00008bd8       0xfa /usr/local/msp430/bin/../lib/gcc/msp430/4.7.0/../../../../msp430/lib/mmpy-16/libc.a(memcpy.o)
                0x00008bd8                memcpy
 .text.memset   0x00008cd2       0x6a /usr/local/msp430/bin/../lib/gcc/msp430/4.7.0/../../../../msp430/lib/mmpy-16/libc.a(memset.o)
                0x00008cd2                memset
 .text.libgcc   0x00008d3c       0xf0 /usr/local/msp430/bin/../lib/gcc/msp430/4.7.0/mmpy-16/libgcc.a(_udivmod64.o)
                0x00008d3c                __xabi_udivmod64
                0x00008d9a                __udivdi3
                0x00008dc0                __umoddi3
                0x00008dee                __udivmoddi4
 .text.crt0     0x00008e2c        0x2 /usr/local/msp430/bin/../lib/gcc/msp430/4.7.0/mmpy-16/libcrt0.a(_unexpected_.o)
                0x00008e2c                _unexpected_
 *(.near.text .near.text.*)

.rodata         0x00008e30      0x22d
                0x00008e30                . = ALIGN (0x2)
 *(.rodata .rodata.* .gnu.linkonce.r.*)
 .rodata        0x00008e30       0x30 sensor.co
                0x00008e4c                autostart_processes
 .rodata        0x00008e60       0xd7 obj_sky/contiki-sky-main.o
 *fill*         0x00008f37        0x1 00
 .rodata        0x00008f38       0x10 contiki-sky.a(button-sensor.o)
                0x00008f40                button_sensor
 .rodata        0x00008f48        0x8 contiki-sky.a(sensors.o)
 .rodata.get_value
                0x00008f50       0x1c contiki-sky.a(cc2420.o)
 .rodata        0x00008f6c       0x3e contiki-sky.a(cc2420.o)
                0x00008f6c                cc2420_aes_128_driver
                0x00008f70                cc2420_driver
 .rodata        0x00008faa        0xf contiki-sky.a(ctimer.o)
 .rodata        0x00008fb9        0xc contiki-sky.a(etimer.o)
 .rodata        0x00008fc5        0xe contiki-sky.a(serial-line.o)
 *fill*         0x00008fd3        0x1 00
 .rodata        0x00008fd4        0x8 contiki-sky.a(broadcast.o)
 .rodata        0x00008fdc        0xc contiki-sky.a(rime.o)
                0x00008fe2                rime_driver
 .rodata        0x00008fe8       0x14 contiki-sky.a(csma.o)
                0x00008fee                csma_driver
 .rodata        0x00008ffc        0x2 contiki-sky.a(linkaddr.o)
                0x00008ffc                linkaddr_null
 .rodata        0x00008ffe       0x1c contiki-sky.a(contikimac.o)
                0x0000900a                contikimac_driver
 .rodata        0x0000901a        0x8 contiki-sky.a(contikimac-fram)
                0x0000901a                contikimac_framer
 .rodata        0x00009022       0x14 contiki-sky.a(nullsec.o)
                0x0000902a                nullsec_driver
 .rodata        0x00009036        0x2 contiki-sky.a(abc.o)
 .rodata        0x00009038        0x4 contiki-sky.a(broadcast-annou)
 .rodata        0x0000903c        0x8 contiki-sky.a(framer-802154.o)
                0x0000903c                framer_802154
 .rodata        0x00009044       0x10 contiki-sky.a(chameleon-bitop)
                0x00009044                chameleon_bitopt
 .rodata        0x00009054        0x2 contiki-sky.a(frame802154.o)
 .rodata.vuprintf
                0x00009056        0x7 /usr/local/msp430/bin/../lib/gcc/msp430/4.7.0/../../../../msp430/lib/mmpy-16/libc.a(vuprintf.o)
 *(.near.rodata .near.rodata.*)
                0x0000905e                . = ALIGN (0x2)
                0x0000905e                _etext = .

.data           0x00001100       0x6e load address 0x0000905e
                0x00001100                . = ALIGN (0x2)
                0x00001100                __data_start = .
 *(.data .data.* .gnu.linkonce.d.*)
 .data          0x00001100        0xa sensor.co
                0x00001100                sensor_node_process
 .data          0x0000110a        0x4 contiki-sky.a(contiki-sky-pla)
                0x0000110a                sensors
 .data          0x0000110e        0xa contiki-sky.a(sensors.o)
                0x0000110e                sensors_process
 .data          0x00001118        0xa contiki-sky.a(cc2420.o)
                0x00001118                cc2420_process
 .data          0x00001122        0x2 contiki-sky.a(msp430.o)
 .data          0x00001124        0xa contiki-sky.a(ctimer.o)
                0x00001124                ctimer_process
 .data          0x0000112e        0xa contiki-sky.a(etimer.o)
                0x0000112e                etimer_process
 .data          0x00001138        0xa contiki-sky.a(serial-line.o)
                0x00001138                serial_line_process
 .data          0x00001142       0x18 contiki-sky.a(csma.o)
 .data          0x0000115a       0x10 contiki-sky.a(queuebuf.o)
 .data.next     0x0000116a        0x4 /usr/local/msp430/bin/../lib/gcc/msp430/4.7.0/../../../../msp430/lib/mmpy-16/libc.a(rand.o)
 *(.near.data .near.data.*)
                0x0000116e                . = ALIGN (0x2)
                0x0000116e                _edata = .
                0x0000905e                __data_load_start = LOADADDR (.data)
                0x0000006e                __data_size = SIZEOF (.data)

.bss            0x0000116e     0x11c8 load address 0x000090cc
                0x0000116e                __bss_start = .
 *(.bss .bss.*)
 .bss           0x0000116e       0x18 sensor.co
 .bss           0x00001186        0xc obj_sky/contiki-sky-main.o
 .bss           0x00001192        0x8 contiki-sky.a(button-sensor.o)
 .bss           0x0000119a        0x2 contiki-sky.a(node-id.o)
                0x0000119a                node_id
 .bss           0x0000119c        0x6 contiki-sky.a(sensors.o)
 .bss           0x000011a2        0x8 contiki-sky.a(cc2420.o)
 .bss           0x000011aa       0x9a contiki-sky.a(uart1.o)
 .bss           0x00001244        0xa contiki-sky.a(clock.o)
 .bss           0x0000124e        0x1 contiki-sky.a(leds.o)
 *fill*         0x0000124f        0x1 00
 .bss           0x00001250        0x2 contiki-sky.a(watchdog.o)
 .bss           0x00001252        0x4 contiki-sky.a(ctimer.o)
 .bss           0x00001256        0x6 contiki-sky.a(etimer.o)
 .bss           0x0000125c       0x42 contiki-sky.a(process.o)
                0x0000125c                process_current
                0x0000125e                process_list
 .bss           0x0000129e        0x2 contiki-sky.a(rtimer.o)
 .bss           0x000012a0      0x10a contiki-sky.a(serial-line.o)
 .bss           0x000013aa        0x2 contiki-sky.a(channel.o)
 .bss           0x000013ac        0x2 contiki-sky.a(rime.o)
 .bss           0x000013ae      0x128 contiki-sky.a(csma.o)
 .bss           0x000014d6       0xb8 contiki-sky.a(packetbuf.o)
 .bss           0x0000158e      0xc20 contiki-sky.a(queuebuf.o)
 .bss           0x000021ae       0x32 contiki-sky.a(contikimac.o)
 .bss           0x000021e0        0x8 contiki-sky.a(compower.o)
 .bss           0x000021e8        0x6 contiki-sky.a(announcement.o)
 .bss           0x000021ee       0x46 contiki-sky.a(broadcast-annou)
 .bss           0x00002234        0x2 contiki-sky.a(framer-802154.o)
 .bss           0x00002236       0x40 contiki-sky.a(mac-sequence.o)
 .bss.destination_
                0x00002276        0x2 /usr/local/msp430/bin/../lib/gcc/msp430/4.7.0/../../../../msp430/lib/mmpy-16/libc.a(sprintf.o)
 .bss.available_
                0x00002278        0x2 /usr/local/msp430/bin/../lib/gcc/msp430/4.7.0/../../../../msp430/lib/mmpy-16/libc.a(sprintf.o)
 *(.near.bss .near.bss.*)
 *(COMMON)
 COMMON         0x0000227a        0x2 contiki-sky.a(contiki-sky-pla)
                0x0000227a                sensors_flags
 COMMON         0x0000227c        0x8 contiki-sky.a(ds2411.o)
                0x0000227c                ds2411_id
 COMMON         0x00002284        0x1 contiki-sky.a(sensors.o)
                0x00002284                sensors_event
 *fill*         0x00002285        0x1 00
 COMMON         0x00002286       0x10 contiki-sky.a(cc2420.o)
                0x00002286                cc2420_last_rssi
                0x00002288                cc2420_sfd_start_time
                0x0000228a                cc2420_time_of_departure
                0x0000228c                cc2420_time_of_arrival
                0x0000228e                cc2420_last_correlation
                0x00002290                cc2420_authority_level_of_sender
                0x00002292                cc2420_sfd_counter
                0x00002294                cc2420_sfd_end_time
 COMMON         0x00002296        0x2 contiki-sky.a(msp430.o)
                0x00002296                msp430_dco_required
 COMMON         0x00002298       0x56 contiki-sky.a(energest.o)
                0x00002298                energest_total_time
                0x000022c8                energest_total_count
                0x000022ca                energest_current_mode
                0x000022d6                energest_current_time
 COMMON         0x000022ee        0x1 contiki-sky.a(process.o)
                0x000022ee                process_maxevents
 COMMON         0x000022ef        0x1 contiki-sky.a(serial-line.o)
                0x000022ef                serial_line_event_message
 COMMON         0x000022f0        0x2 contiki-sky.a(linkaddr.o)
                0x000022f0                linkaddr_node_addr
 COMMON         0x000022f2       0x3c contiki-sky.a(packetbuf.o)
                0x000022f2                packetbuf_addrs
                0x000022fa                packetbuf_attrs
 COMMON         0x0000232e        0x8 contiki-sky.a(compower.o)
                0x0000232e                compower_idle_activity
                0x00002336                . = ALIGN (0x2)
                0x00002336                __bss_end = .
                0x000011c8                __bss_size = SIZEOF (.bss)

.noinit         0x00002336        0x2 load address 0x000090cc
                0x00002336                . = ALIGN (0x2)
                0x00002336                __noinit_start = .
 *(.noinit .noinit.*)
 .noinit.crt0   0x00002336        0x2 /usr/local/msp430/bin/../lib/gcc/msp430/4.7.0/mmpy-16/libcrt0.a(__watchdog_support.o)
                0x00002336                __wdt_clear_value
                0x00002338                . = ALIGN (0x2)
                0x00002338                __noinit_end = .
                0x00002338                . = ALIGN (0x2)
                0x00002338                _end = .

.infomem        0x00001000        0x0
                0x00001000                . = ALIGN (0x2)
 *(.infomem .infomem.*)

.infomemnobits  0x00001000        0x0
                0x00001000                . = ALIGN (0x2)
 *(.infomemnobits .infomemnobits.*)

.infoa          0x00001080        0x0
                0x00001080                . = ALIGN (0x2)
 *(.infoa .infoa.*)

.infob          0x00001000        0x0
                0x00001000                . = ALIGN (0x2)
 *(.infob .infob.*)

.infoc          0x00000000        0x0
                0x00000000                . = ALIGN (0x2)
 *(.infoc .infoc.*)

.infod          0x00000000        0x0
                0x00000000                . = ALIGN (0x2)
 *(.infod .infod.*)

.vectors        0x0000ffe0       0x20
                0x0000ffe0                __vectors_start = .
 *(.vectors*)
 .vectors       0x0000ffe0       0x20 /usr/local/msp430/bin/../lib/gcc/msp430/4.7.0/mmpy-16/crt0ivtbl16.o
                0x0000ffe0                __ivtbl_16
                0x00010000                _vectors_end = .

.fartext        0x00000000        0x0
                0x00000000                . = ALIGN (0x2)
 *(.fartext .fartext.*)

.far.text       0x00000000        0x0
                0x00000000                . = ALIGN (0x2)
 *(.far.text .far.text.*)

.far.rodata     0x00000000        0x0
                0x00000000                . = ALIGN (0x2)
 *(.far.rodata .far.rodata.*)
                0x00000000                . = ALIGN (0x2)
                0x00000000                _efartext = .

.far.data       0x00000000        0x0
                0x00000000                . = ALIGN (0x2)
                0x00000000                __far_data_start = .
 *(.far.data .far.data.*)
                0x00000000                . = ALIGN (0x2)
                0x00000000                _efardata = .
                0x00000000                __far_data_load_start = LOADADDR (.far.data)
                0x00000000                __far_data_size = SIZEOF (.far.data)

.far.bss        0x00000000        0x0
                0x00000000                . = ALIGN (0x2)
                0x00000000                __far_bss_start = .
 *(.far.bss .far.bss.*)
                0x00000000                . = ALIGN (0x2)
                0x00000000                __far_bss_end = .
                0x00000000                __far_bss_size = SIZEOF (.far.bss)
                0x00000000                . = ALIGN (0x2)
                0x00000000                _far_end = .

.profiler
 *(.profiler)

.stab           0x00000000    0x19164
 *(.stab)
 .stab          0x00000000     0x12e4 sensor.co
 .stab          0x000012e4     0x1074 obj_sky/contiki-sky-main.o
                               0x17ac (size before relaxing)
 .stab          0x00002358      0x258 contiki-sky.a(contiki-sky-pla)
                                0x5ac (size before relaxing)
 .stab          0x000025b0      0x468 contiki-sky.a(button-sensor.o)
                                0x7d4 (size before relaxing)
 .stab          0x00002a18      0x618 contiki-sky.a(ds2411.o)
                                0xb34 (size before relaxing)
 .stab          0x00003030      0x9d8 contiki-sky.a(xmem.o)
                                0xf00 (size before relaxing)
 .stab          0x00003a08      0x2b8 contiki-sky.a(node-id.o)
                                0x4e0 (size before relaxing)
 .stab          0x00003cc0      0x69c contiki-sky.a(sensors.o)
                                0xbb8 (size before relaxing)
 .stab          0x0000435c     0x22c8 contiki-sky.a(cc2420.o)
                               0x2c40 (size before relaxing)
 .stab          0x00006624      0x9cc contiki-sky.a(cc2420-arch.o)
                               0x13f8 (size before relaxing)
 .stab          0x00006ff0      0x600 contiki-sky.a(uart1.o)
                                0x954 (size before relaxing)
 .stab          0x000075f0      0x27c contiki-sky.a(uart1-putchar.o)
                                0x7bc (size before relaxing)
 .stab          0x0000786c      0x72c contiki-sky.a(msp430.o)
                                0xa80 (size before relaxing)
 .stab          0x00007f98      0x930 contiki-sky.a(clock.o)
                                0xc84 (size before relaxing)
 .stab          0x000088c8      0x5a0 contiki-sky.a(leds.o)
                                0x7ec (size before relaxing)
 .stab          0x00008e68      0x378 contiki-sky.a(leds-arch.o)
                                0x6cc (size before relaxing)
 .stab          0x000091e0      0x3cc contiki-sky.a(watchdog.o)
                                0x720 (size before relaxing)
 .stab          0x000095ac      0x3b4 contiki-sky.a(rtimer-arch.o)
                                0x708 (size before relaxing)
 .stab          0x00009960      0x294 contiki-sky.a(autostart.o)
                                0x534 (size before relaxing)
 .stab          0x00009bf4      0x78c contiki-sky.a(ctimer.o)
                                0xaf8 (size before relaxing)
 .stab          0x0000a380      0x474 contiki-sky.a(energest.o)
                                0x6fc (size before relaxing)
 .stab          0x0000a7f4      0x9fc contiki-sky.a(etimer.o)
                                0xccc (size before relaxing)
 .stab          0x0000b1f0      0xb70 contiki-sky.a(process.o)
                               0x1008 (size before relaxing)
 .stab          0x0000bd60      0x3cc contiki-sky.a(rtimer.o)
                                0x6b4 (size before relaxing)
 .stab          0x0000c12c      0x348 contiki-sky.a(timer.o)
                                0x588 (size before relaxing)
 .stab          0x0000c474      0x51c contiki-sky.a(serial-line.o)
                                0xa38 (size before relaxing)
 .stab          0x0000c990      0x7bc contiki-sky.a(list.o)
                                0x7c8 (size before relaxing)
 .stab          0x0000d14c      0x21c contiki-sky.a(random.o)
                                0x618 (size before relaxing)
 .stab          0x0000d368      0x3f0 contiki-sky.a(ringbuf.o)
                                0x630 (size before relaxing)
 .stab          0x0000d758      0x6cc contiki-sky.a(broadcast.o)
                               0x1500 (size before relaxing)
 .stab          0x0000de24      0x654 contiki-sky.a(channel.o)
                               0x1278 (size before relaxing)
 .stab          0x0000e478      0xcb4 contiki-sky.a(rime.o)
                               0x13f8 (size before relaxing)
 .stab          0x0000f12c      0xdec contiki-sky.a(csma.o)
                               0x159c (size before relaxing)
 .stab          0x0000ff18      0x1f8 contiki-sky.a(mac.o)
                                0x4ec (size before relaxing)
 .stab          0x00010110      0x2ac contiki-sky.a(linkaddr.o)
                                0x6a8 (size before relaxing)
 .stab          0x000103bc      0xd74 contiki-sky.a(packetbuf.o)
                               0x1bc0 (size before relaxing)
 .stab          0x00011130      0xa38 contiki-sky.a(queuebuf.o)
                               0x186c (size before relaxing)
 .stab          0x00011b68     0x17ac contiki-sky.a(contikimac.o)
                               0x23b8 (size before relaxing)
 .stab          0x00013314      0x6d8 contiki-sky.a(contikimac-fram)
                                0xf18 (size before relaxing)
 .stab          0x000139ec      0x684 contiki-sky.a(nullsec.o)
                                0xd80 (size before relaxing)
 .stab          0x00014070      0x1f8 contiki-sky.a(spi.o)
                                0x420 (size before relaxing)
 .stab          0x00014268      0x4ec contiki-sky.a(compower.o)
                                0xcf0 (size before relaxing)
 .stab          0x00014754      0x5c4 contiki-sky.a(memb.o)
                                0xaf8 (size before relaxing)
 .stab          0x00014d18      0x660 contiki-sky.a(abc.o)
                               0x1494 (size before relaxing)
 .stab          0x00015378      0x6b4 contiki-sky.a(announcement.o)
                                0x954 (size before relaxing)
 .stab          0x00015a2c      0x948 contiki-sky.a(broadcast-annou)
                               0x15c0 (size before relaxing)
 .stab          0x00016374      0x588 contiki-sky.a(chameleon.o)
                               0x1230 (size before relaxing)
 .stab          0x000168fc      0x918 contiki-sky.a(framer-802154.o)
                                0xf54 (size before relaxing)
 .stab          0x00017214      0x318 contiki-sky.a(framer.o)
                                0xc54 (size before relaxing)
 .stab          0x0001752c      0x600 contiki-sky.a(mac-sequence.o)
                               0x144c (size before relaxing)
 .stab          0x00017b2c      0xd44 contiki-sky.a(chameleon-bitop)
                               0x19bc (size before relaxing)
 .stab          0x00018870      0x8f4 contiki-sky.a(frame802154.o)
                               0x10c8 (size before relaxing)

.stabstr        0x00000000    0x158ec
 *(.stabstr)
 .stabstr       0x00000000    0x158ec sensor.co

.stab.excl
 *(.stab.excl)

.stab.exclstr
 *(.stab.exclstr)

.stab.index
 *(.stab.index)

.stab.indexstr
 *(.stab.indexstr)

.comment        0x00000000       0x30
 *(.comment)
 .comment       0x00000000       0x30 sensor.co
                                 0x31 (size before relaxing)
 .comment       0x00000000       0x31 obj_sky/contiki-sky-main.o
 .comment       0x00000000       0x31 contiki-sky.a(contiki-sky-pla)
 .comment       0x00000000       0x31 contiki-sky.a(button-sensor.o)
 .comment       0x00000000       0x31 contiki-sky.a(ds2411.o)
 .comment       0x00000000       0x31 contiki-sky.a(xmem.o)
 .comment       0x00000000       0x31 contiki-sky.a(node-id.o)
 .comment       0x00000000       0x31 contiki-sky.a(sensors.o)
 .comment       0x00000000       0x31 contiki-sky.a(cc2420.o)
 .comment       0x00000000       0x31 contiki-sky.a(cc2420-arch.o)
 .comment       0x00000000       0x31 contiki-sky.a(uart1.o)
 .comment       0x00000000       0x31 contiki-sky.a(uart1-putchar.o)
 .comment       0x00000000       0x31 contiki-sky.a(msp430.o)
 .comment       0x00000000       0x31 contiki-sky.a(clock.o)
 .comment       0x00000000       0x31 contiki-sky.a(leds.o)
 .comment       0x00000000       0x31 contiki-sky.a(leds-arch.o)
 .comment       0x00000000       0x31 contiki-sky.a(watchdog.o)
 .comment       0x00000000       0x31 contiki-sky.a(rtimer-arch.o)
 .comment       0x00000000       0x31 contiki-sky.a(autostart.o)
 .comment       0x00000000       0x31 contiki-sky.a(ctimer.o)
 .comment       0x00000000       0x31 contiki-sky.a(energest.o)
 .comment       0x00000000       0x31 contiki-sky.a(etimer.o)
 .comment       0x00000000       0x31 contiki-sky.a(process.o)
 .comment       0x00000000       0x31 contiki-sky.a(rtimer.o)
 .comment       0x00000000       0x31 contiki-sky.a(timer.o)
 .comment       0x00000000       0x31 contiki-sky.a(serial-line.o)
 .comment       0x00000000       0x31 contiki-sky.a(list.o)
 .comment       0x00000000       0x31 contiki-sky.a(random.o)
 .comment       0x00000000       0x31 contiki-sky.a(ringbuf.o)
 .comment       0x00000000       0x31 contiki-sky.a(broadcast.o)
 .comment       0x00000000       0x31 contiki-sky.a(channel.o)
 .comment       0x00000000       0x31 contiki-sky.a(rime.o)
 .comment       0x00000000       0x31 contiki-sky.a(csma.o)
 .comment       0x00000000       0x31 contiki-sky.a(mac.o)
 .comment       0x00000000       0x31 contiki-sky.a(linkaddr.o)
 .comment       0x00000000       0x31 contiki-sky.a(packetbuf.o)
 .comment       0x00000000       0x31 contiki-sky.a(queuebuf.o)
 .comment       0x00000000       0x31 contiki-sky.a(contikimac.o)
 .comment       0x00000000       0x31 contiki-sky.a(contikimac-fram)
 .comment       0x00000000       0x31 contiki-sky.a(nullsec.o)
 .comment       0x00000000       0x31 contiki-sky.a(spi.o)
 .comment       0x00000000       0x31 contiki-sky.a(compower.o)
 .comment       0x00000000       0x31 contiki-sky.a(memb.o)
 .comment       0x00000000       0x31 contiki-sky.a(abc.o)
 .comment       0x00000000       0x31 contiki-sky.a(announcement.o)
 .comment       0x00000000       0x31 contiki-sky.a(broadcast-annou)
 .comment       0x00000000       0x31 contiki-sky.a(chameleon.o)
 .comment       0x00000000       0x31 contiki-sky.a(framer-802154.o)
 .comment       0x00000000       0x31 contiki-sky.a(framer.o)
 .comment       0x00000000       0x31 contiki-sky.a(mac-sequence.o)
 .comment       0x00000000       0x31 contiki-sky.a(chameleon-bitop)
 .comment       0x00000000       0x31 contiki-sky.a(frame802154.o)
 .comment       0x00000000       0x31 /usr/local/msp430/bin/../lib/gcc/msp430/4.7.0/../../../../msp430/lib/mmpy-16/libc.a(printf.o)
 .comment       0x00000000       0x31 /usr/local/msp430/bin/../lib/gcc/msp430/4.7.0/../../../../msp430/lib/mmpy-16/libc.a(sprintf.o)
 .comment       0x00000000       0x31 /usr/local/msp430/bin/../lib/gcc/msp430/4.7.0/../../../../msp430/lib/mmpy-16/libc.a(vuprintf.o)
 .comment       0x00000000       0x31 /usr/local/msp430/bin/../lib/gcc/msp430/4.7.0/../../../../msp430/lib/mmpy-16/libc.a(puts.o)
 .comment       0x00000000       0x31 /usr/local/msp430/bin/../lib/gcc/msp430/4.7.0/../../../../msp430/lib/mmpy-16/libc.a(rand.o)
 .comment       0x00000000       0x31 /usr/local/msp430/bin/../lib/gcc/msp430/4.7.0/../../../../msp430/lib/mmpy-16/libc.a(memcmp.o)
 .comment       0x00000000       0x31 /usr/local/msp430/bin/../lib/gcc/msp430/4.7.0/../../../../msp430/lib/mmpy-16/libc.a(memcpy.o)
 .comment       0x00000000       0x31 /usr/local/msp430/bin/../lib/gcc/msp430/4.7.0/../../../../msp430/lib/mmpy-16/libc.a(memset.o)

.debug
 *(.debug)

.line
 *(.line)

.debug_srcinfo
 *(.debug_srcinfo)

.debug_sfnames
 *(.debug_sfnames)

.debug_aranges  0x00000000      0x1b4
 *(.debug_aranges)
 .debug_aranges
                0x00000000       0x14 /usr/local/msp430/bin/../lib/gcc/msp430/4.7.0/mmpy-16/crt0ivtbl16.o
 .debug_aranges
                0x00000014       0x14 /usr/local/msp430/bin/../lib/gcc/msp430/4.7.0/mmpy-16/libgcc.a(_mulsi3.o)
 .debug_aranges
                0x00000028       0x14 /usr/local/msp430/bin/../lib/gcc/msp430/4.7.0/mmpy-16/libgcc.a(_divmod16.o)
 .debug_aranges
                0x0000003c       0x14 /usr/local/msp430/bin/../lib/gcc/msp430/4.7.0/mmpy-16/libgcc.a(_udivmod32.o)
 .debug_aranges
                0x00000050       0x14 /usr/local/msp430/bin/../lib/gcc/msp430/4.7.0/mmpy-16/libgcc.a(_udivmod16.o)
 .debug_aranges
                0x00000064       0x18 /usr/local/msp430/bin/../lib/gcc/msp430/4.7.0/../../../../msp430/lib/mmpy-16/libc.a(printf.o)
 .debug_aranges
                0x0000007c       0x28 /usr/local/msp430/bin/../lib/gcc/msp430/4.7.0/../../../../msp430/lib/mmpy-16/libc.a(sprintf.o)
 .debug_aranges
                0x000000a4       0x18 /usr/local/msp430/bin/../lib/gcc/msp430/4.7.0/../../../../msp430/lib/mmpy-16/libc.a(vuprintf.o)
 .debug_aranges
                0x000000bc       0x14 /usr/local/msp430/bin/../lib/gcc/msp430/4.7.0/../../../../msp430/lib/mmpy-16/libc.a(puts.o)
 .debug_aranges
                0x000000d0       0x1c /usr/local/msp430/bin/../lib/gcc/msp430/4.7.0/../../../../msp430/lib/mmpy-16/libc.a(rand.o)
 .debug_aranges
                0x000000ec       0x14 /usr/local/msp430/bin/../lib/gcc/msp430/4.7.0/../../../../msp430/lib/mmpy-16/libc.a(memcmp.o)
 .debug_aranges
                0x00000100       0x14 /usr/local/msp430/bin/../lib/gcc/msp430/4.7.0/../../../../msp430/lib/mmpy-16/libc.a(memcpy.o)
 .debug_aranges
                0x00000114       0x14 /usr/local/msp430/bin/../lib/gcc/msp430/4.7.0/../../../../msp430/lib/mmpy-16/libc.a(memset.o)
 .debug_aranges
                0x00000128       0x14 /usr/local/msp430/bin/../lib/gcc/msp430/4.7.0/mmpy-16/libgcc.a(_udivmod64.o)
 .debug_aranges
                0x0000013c       0x14 /usr/local/msp430/bin/../lib/gcc/msp430/4.7.0/mmpy-16/libcrt0.a(__watchdog_support.o)
 .debug_aranges
                0x00000150       0x14 /usr/local/msp430/bin/../lib/gcc/msp430/4.7.0/mmpy-16/libcrt0.a(__init_stack.o)
 .debug_aranges
                0x00000164       0x14 /usr/local/msp430/bin/../lib/gcc/msp430/4.7.0/mmpy-16/libcrt0.a(_copy_data.o)
 .debug_aranges
                0x00000178       0x14 /usr/local/msp430/bin/../lib/gcc/msp430/4.7.0/mmpy-16/libcrt0.a(_clear_bss.o)
 .debug_aranges
                0x0000018c       0x14 /usr/local/msp430/bin/../lib/gcc/msp430/4.7.0/mmpy-16/libcrt0.a(_endless_loop__.o)
 .debug_aranges
                0x000001a0       0x14 /usr/local/msp430/bin/../lib/gcc/msp430/4.7.0/mmpy-16/libcrt0.a(_unexpected_.o)

.debug_pubnames
 *(.debug_pubnames)

.debug_info     0x00000000     0x16af
 *(.debug_info)
 .debug_info    0x00000000       0x9b /usr/local/msp430/bin/../lib/gcc/msp430/4.7.0/mmpy-16/crt0ivtbl16.o
 .debug_info    0x0000009b       0x98 /usr/local/msp430/bin/../lib/gcc/msp430/4.7.0/mmpy-16/libgcc.a(_mulsi3.o)
 .debug_info    0x00000133       0x98 /usr/local/msp430/bin/../lib/gcc/msp430/4.7.0/mmpy-16/libgcc.a(_divmod16.o)
 .debug_info    0x000001cb       0x98 /usr/local/msp430/bin/../lib/gcc/msp430/4.7.0/mmpy-16/libgcc.a(_udivmod32.o)
 .debug_info    0x00000263       0x98 /usr/local/msp430/bin/../lib/gcc/msp430/4.7.0/mmpy-16/libgcc.a(_udivmod16.o)
 .debug_info    0x000002fb      0x16e /usr/local/msp430/bin/../lib/gcc/msp430/4.7.0/../../../../msp430/lib/mmpy-16/libc.a(printf.o)
 .debug_info    0x00000469      0x321 /usr/local/msp430/bin/../lib/gcc/msp430/4.7.0/../../../../msp430/lib/mmpy-16/libc.a(sprintf.o)
 .debug_info    0x0000078a      0x5d4 /usr/local/msp430/bin/../lib/gcc/msp430/4.7.0/../../../../msp430/lib/mmpy-16/libc.a(vuprintf.o)
 .debug_info    0x00000d5e       0xc7 /usr/local/msp430/bin/../lib/gcc/msp430/4.7.0/../../../../msp430/lib/mmpy-16/libc.a(puts.o)
 .debug_info    0x00000e25      0x146 /usr/local/msp430/bin/../lib/gcc/msp430/4.7.0/../../../../msp430/lib/mmpy-16/libc.a(rand.o)
 .debug_info    0x00000f6b       0xe5 /usr/local/msp430/bin/../lib/gcc/msp430/4.7.0/../../../../msp430/lib/mmpy-16/libc.a(memcmp.o)
 .debug_info    0x00001050      0x12c /usr/local/msp430/bin/../lib/gcc/msp430/4.7.0/../../../../msp430/lib/mmpy-16/libc.a(memcpy.o)
 .debug_info    0x0000117c      0x117 /usr/local/msp430/bin/../lib/gcc/msp430/4.7.0/../../../../msp430/lib/mmpy-16/libc.a(memset.o)
 .debug_info    0x00001293       0x98 /usr/local/msp430/bin/../lib/gcc/msp430/4.7.0/mmpy-16/libgcc.a(_udivmod64.o)
 .debug_info    0x0000132b       0x96 /usr/local/msp430/bin/../lib/gcc/msp430/4.7.0/mmpy-16/libcrt0.a(__watchdog_support.o)
 .debug_info    0x000013c1       0x96 /usr/local/msp430/bin/../lib/gcc/msp430/4.7.0/mmpy-16/libcrt0.a(__init_stack.o)
 .debug_info    0x00001457       0x96 /usr/local/msp430/bin/../lib/gcc/msp430/4.7.0/mmpy-16/libcrt0.a(_copy_data.o)
 .debug_info    0x000014ed       0x96 /usr/local/msp430/bin/../lib/gcc/msp430/4.7.0/mmpy-16/libcrt0.a(_clear_bss.o)
 .debug_info    0x00001583       0x96 /usr/local/msp430/bin/../lib/gcc/msp430/4.7.0/mmpy-16/libcrt0.a(_endless_loop__.o)
 .debug_info    0x00001619       0x96 /usr/local/msp430/bin/../lib/gcc/msp430/4.7.0/mmpy-16/libcrt0.a(_unexpected_.o)
 *(.gnu.linkonce.wi.*)

.debug_abbrev   0x00000000      0x8fc
 *(.debug_abbrev)
 .debug_abbrev  0x00000000       0x14 /usr/local/msp430/bin/../lib/gcc/msp430/4.7.0/mmpy-16/crt0ivtbl16.o
 .debug_abbrev  0x00000014       0x14 /usr/local/msp430/bin/../lib/gcc/msp430/4.7.0/mmpy-16/libgcc.a(_mulsi3.o)
 .debug_abbrev  0x00000028       0x14 /usr/local/msp430/bin/../lib/gcc/msp430/4.7.0/mmpy-16/libgcc.a(_divmod16.o)
 .debug_abbrev  0x0000003c       0x14 /usr/local/msp430/bin/../lib/gcc/msp430/4.7.0/mmpy-16/libgcc.a(_udivmod32.o)
 .debug_abbrev  0x00000050       0x14 /usr/local/msp430/bin/../lib/gcc/msp430/4.7.0/mmpy-16/libgcc.a(_udivmod16.o)
 .debug_abbrev  0x00000064       0xfa /usr/local/msp430/bin/../lib/gcc/msp430/4.7.0/../../../../msp430/lib/mmpy-16/libc.a(printf.o)
 .debug_abbrev  0x0000015e      0x14c /usr/local/msp430/bin/../lib/gcc/msp430/4.7.0/../../../../msp430/lib/mmpy-16/libc.a(sprintf.o)
 .debug_abbrev  0x000002aa      0x23e /usr/local/msp430/bin/../lib/gcc/msp430/4.7.0/../../../../msp430/lib/mmpy-16/libc.a(vuprintf.o)
 .debug_abbrev  0x000004e8       0xa3 /usr/local/msp430/bin/../lib/gcc/msp430/4.7.0/../../../../msp430/lib/mmpy-16/libc.a(puts.o)
 .debug_abbrev  0x0000058b       0xfb /usr/local/msp430/bin/../lib/gcc/msp430/4.7.0/../../../../msp430/lib/mmpy-16/libc.a(rand.o)
 .debug_abbrev  0x00000686       0x9e /usr/local/msp430/bin/../lib/gcc/msp430/4.7.0/../../../../msp430/lib/mmpy-16/libc.a(memcmp.o)
 .debug_abbrev  0x00000724       0xab /usr/local/msp430/bin/../lib/gcc/msp430/4.7.0/../../../../msp430/lib/mmpy-16/libc.a(memcpy.o)
 .debug_abbrev  0x000007cf       0xa1 /usr/local/msp430/bin/../lib/gcc/msp430/4.7.0/../../../../msp430/lib/mmpy-16/libc.a(memset.o)
 .debug_abbrev  0x00000870       0x14 /usr/local/msp430/bin/../lib/gcc/msp430/4.7.0/mmpy-16/libgcc.a(_udivmod64.o)
 .debug_abbrev  0x00000884       0x14 /usr/local/msp430/bin/../lib/gcc/msp430/4.7.0/mmpy-16/libcrt0.a(__watchdog_support.o)
 .debug_abbrev  0x00000898       0x14 /usr/local/msp430/bin/../lib/gcc/msp430/4.7.0/mmpy-16/libcrt0.a(__init_stack.o)
 .debug_abbrev  0x000008ac       0x14 /usr/local/msp430/bin/../lib/gcc/msp430/4.7.0/mmpy-16/libcrt0.a(_copy_data.o)
 .debug_abbrev  0x000008c0       0x14 /usr/local/msp430/bin/../lib/gcc/msp430/4.7.0/mmpy-16/libcrt0.a(_clear_bss.o)
 .debug_abbrev  0x000008d4       0x14 /usr/local/msp430/bin/../lib/gcc/msp430/4.7.0/mmpy-16/libcrt0.a(_endless_loop__.o)
 .debug_abbrev  0x000008e8       0x14 /usr/local/msp430/bin/../lib/gcc/msp430/4.7.0/mmpy-16/libcrt0.a(_unexpected_.o)

.debug_line     0x00000000      0xd7d
 *(.debug_line)
 .debug_line    0x00000000       0x64 /usr/local/msp430/bin/../lib/gcc/msp430/4.7.0/mmpy-16/crt0ivtbl16.o
 .debug_line    0x00000064       0x77 /usr/local/msp430/bin/../lib/gcc/msp430/4.7.0/mmpy-16/libgcc.a(_mulsi3.o)
 .debug_line    0x000000db       0x7b /usr/local/msp430/bin/../lib/gcc/msp430/4.7.0/mmpy-16/libgcc.a(_divmod16.o)
 .debug_line    0x00000156       0x7f /usr/local/msp430/bin/../lib/gcc/msp430/4.7.0/mmpy-16/libgcc.a(_udivmod32.o)
 .debug_line    0x000001d5       0x70 /usr/local/msp430/bin/../lib/gcc/msp430/4.7.0/mmpy-16/libgcc.a(_udivmod16.o)
 .debug_line    0x00000245       0xa9 /usr/local/msp430/bin/../lib/gcc/msp430/4.7.0/../../../../msp430/lib/mmpy-16/libc.a(printf.o)
 .debug_line    0x000002ee      0x107 /usr/local/msp430/bin/../lib/gcc/msp430/4.7.0/../../../../msp430/lib/mmpy-16/libc.a(sprintf.o)
 .debug_line    0x000003f5      0x30a /usr/local/msp430/bin/../lib/gcc/msp430/4.7.0/../../../../msp430/lib/mmpy-16/libc.a(vuprintf.o)
 .debug_line    0x000006ff       0x65 /usr/local/msp430/bin/../lib/gcc/msp430/4.7.0/../../../../msp430/lib/mmpy-16/libc.a(puts.o)
 .debug_line    0x00000764       0x68 /usr/local/msp430/bin/../lib/gcc/msp430/4.7.0/../../../../msp430/lib/mmpy-16/libc.a(rand.o)
 .debug_line    0x000007cc       0x8f /usr/local/msp430/bin/../lib/gcc/msp430/4.7.0/../../../../msp430/lib/mmpy-16/libc.a(memcmp.o)
 .debug_line    0x0000085b      0x118 /usr/local/msp430/bin/../lib/gcc/msp430/4.7.0/../../../../msp430/lib/mmpy-16/libc.a(memcpy.o)
 .debug_line    0x00000973       0xf2 /usr/local/msp430/bin/../lib/gcc/msp430/4.7.0/../../../../msp430/lib/mmpy-16/libc.a(memset.o)
 .debug_line    0x00000a65       0xc9 /usr/local/msp430/bin/../lib/gcc/msp430/4.7.0/mmpy-16/libgcc.a(_udivmod64.o)
 .debug_line    0x00000b2e       0x62 /usr/local/msp430/bin/../lib/gcc/msp430/4.7.0/mmpy-16/libcrt0.a(__watchdog_support.o)
 .debug_line    0x00000b90       0x60 /usr/local/msp430/bin/../lib/gcc/msp430/4.7.0/mmpy-16/libcrt0.a(__init_stack.o)
 .debug_line    0x00000bf0       0x66 /usr/local/msp430/bin/../lib/gcc/msp430/4.7.0/mmpy-16/libcrt0.a(_copy_data.o)
 .debug_line    0x00000c56       0x66 /usr/local/msp430/bin/../lib/gcc/msp430/4.7.0/mmpy-16/libcrt0.a(_clear_bss.o)
 .debug_line    0x00000cbc       0x61 /usr/local/msp430/bin/../lib/gcc/msp430/4.7.0/mmpy-16/libcrt0.a(_endless_loop__.o)
 .debug_line    0x00000d1d       0x60 /usr/local/msp430/bin/../lib/gcc/msp430/4.7.0/mmpy-16/libcrt0.a(_unexpected_.o)

.debug_frame    0x00000000      0x21e
 *(.debug_frame)
 .debug_frame   0x00000000       0x2a /usr/local/msp430/bin/../lib/gcc/msp430/4.7.0/../../../../msp430/lib/mmpy-16/libc.a(printf.o)
 .debug_frame   0x0000002a       0x68 /usr/local/msp430/bin/../lib/gcc/msp430/4.7.0/../../../../msp430/lib/mmpy-16/libc.a(sprintf.o)
 .debug_frame   0x00000092       0xa0 /usr/local/msp430/bin/../lib/gcc/msp430/4.7.0/../../../../msp430/lib/mmpy-16/libc.a(vuprintf.o)
 .debug_frame   0x00000132       0x24 /usr/local/msp430/bin/../lib/gcc/msp430/4.7.0/../../../../msp430/lib/mmpy-16/libc.a(puts.o)
 .debug_frame   0x00000156       0x3c /usr/local/msp430/bin/../lib/gcc/msp430/4.7.0/../../../../msp430/lib/mmpy-16/libc.a(rand.o)
 .debug_frame   0x00000192       0x28 /usr/local/msp430/bin/../lib/gcc/msp430/4.7.0/../../../../msp430/lib/mmpy-16/libc.a(memcmp.o)
 .debug_frame   0x000001ba       0x32 /usr/local/msp430/bin/../lib/gcc/msp430/4.7.0/../../../../msp430/lib/mmpy-16/libc.a(memcpy.o)
 .debug_frame   0x000001ec       0x32 /usr/local/msp430/bin/../lib/gcc/msp430/4.7.0/../../../../msp430/lib/mmpy-16/libc.a(memset.o)

.debug_str      0x00000000      0x43b
 *(.debug_str)
 .debug_str     0x00000000       0xe5 /usr/local/msp430/bin/../lib/gcc/msp430/4.7.0/../../../../msp430/lib/mmpy-16/libc.a(printf.o)
                                0x136 (size before relaxing)
 .debug_str     0x000000e5       0x75 /usr/local/msp430/bin/../lib/gcc/msp430/4.7.0/../../../../msp430/lib/mmpy-16/libc.a(sprintf.o)
                                0x19b (size before relaxing)
 .debug_str     0x0000015a      0x218 /usr/local/msp430/bin/../lib/gcc/msp430/4.7.0/../../../../msp430/lib/mmpy-16/libc.a(vuprintf.o)
                                0x381 (size before relaxing)
 .debug_str     0x00000372       0x1d /usr/local/msp430/bin/../lib/gcc/msp430/4.7.0/../../../../msp430/lib/mmpy-16/libc.a(puts.o)
                                 0xfb (size before relaxing)
 .debug_str     0x0000038f       0x2f /usr/local/msp430/bin/../lib/gcc/msp430/4.7.0/../../../../msp430/lib/mmpy-16/libc.a(rand.o)
                                0x112 (size before relaxing)
 .debug_str     0x000003be       0x19 /usr/local/msp430/bin/../lib/gcc/msp430/4.7.0/../../../../msp430/lib/mmpy-16/libc.a(memcmp.o)
                                 0xfe (size before relaxing)
 .debug_str     0x000003d7       0x3e /usr/local/msp430/bin/../lib/gcc/msp430/4.7.0/../../../../msp430/lib/mmpy-16/libc.a(memcpy.o)
                                0x12c (size before relaxing)
 .debug_str     0x00000415       0x26 /usr/local/msp430/bin/../lib/gcc/msp430/4.7.0/../../../../msp430/lib/mmpy-16/libc.a(memset.o)
                                0x12a (size before relaxing)

.debug_loc      0x00000000      0xd06
 *(.debug_loc)
 .debug_loc     0x00000000       0x4c /usr/local/msp430/bin/../lib/gcc/msp430/4.7.0/../../../../msp430/lib/mmpy-16/libc.a(printf.o)
 .debug_loc     0x0000004c      0x13a /usr/local/msp430/bin/../lib/gcc/msp430/4.7.0/../../../../msp430/lib/mmpy-16/libc.a(sprintf.o)
 .debug_loc     0x00000186      0x7fa /usr/local/msp430/bin/../lib/gcc/msp430/4.7.0/../../../../msp430/lib/mmpy-16/libc.a(vuprintf.o)
 .debug_loc     0x00000980       0x26 /usr/local/msp430/bin/../lib/gcc/msp430/4.7.0/../../../../msp430/lib/mmpy-16/libc.a(puts.o)
 .debug_loc     0x000009a6       0x4f /usr/local/msp430/bin/../lib/gcc/msp430/4.7.0/../../../../msp430/lib/mmpy-16/libc.a(rand.o)
 .debug_loc     0x000009f5       0x4d /usr/local/msp430/bin/../lib/gcc/msp430/4.7.0/../../../../msp430/lib/mmpy-16/libc.a(memcmp.o)
 .debug_loc     0x00000a42      0x1e3 /usr/local/msp430/bin/../lib/gcc/msp430/4.7.0/../../../../msp430/lib/mmpy-16/libc.a(memcpy.o)
 .debug_loc     0x00000c25       0xe1 /usr/local/msp430/bin/../lib/gcc/msp430/4.7.0/../../../../msp430/lib/mmpy-16/libc.a(memset.o)

.debug_macinfo
 *(.debug_macinfo)

.debug_pubtypes
 *(.debug_pubtypes)

.debug_ranges   0x00000000       0x7c
 *(.debug_ranges)
 .debug_ranges  0x00000000        0xc /usr/local/msp430/bin/../lib/gcc/msp430/4.7.0/../../../../msp430/lib/mmpy-16/libc.a(printf.o)
 .debug_ranges  0x0000000c       0x1c /usr/local/msp430/bin/../lib/gcc/msp430/4.7.0/../../../../msp430/lib/mmpy-16/libc.a(sprintf.o)
 .debug_ranges  0x00000028       0x24 /usr/local/msp430/bin/../lib/gcc/msp430/4.7.0/../../../../msp430/lib/mmpy-16/libc.a(vuprintf.o)
 .debug_ranges  0x0000004c        0x8 /usr/local/msp430/bin/../lib/gcc/msp430/4.7.0/../../../../msp430/lib/mmpy-16/libc.a(puts.o)
 .debug_ranges  0x00000054       0x10 /usr/local/msp430/bin/../lib/gcc/msp430/4.7.0/../../../../msp430/lib/mmpy-16/libc.a(rand.o)
 .debug_ranges  0x00000064        0x8 /usr/local/msp430/bin/../lib/gcc/msp430/4.7.0/../../../../msp430/lib/mmpy-16/libc.a(memcmp.o)
 .debug_ranges  0x0000006c        0x8 /usr/local/msp430/bin/../lib/gcc/msp430/4.7.0/../../../../msp430/lib/mmpy-16/libc.a(memcpy.o)
 .debug_ranges  0x00000074        0x8 /usr/local/msp430/bin/../lib/gcc/msp430/4.7.0/../../../../msp430/lib/mmpy-16/libc.a(memset.o)
                0x00003900                PROVIDE (__stack, (ORIGIN (ram) + 0x2800))
                0x0000905e                __data_start_rom = _etext
                0x000090cc                __data_end_rom = (_etext + SIZEOF (.data))
OUTPUT(sensor.sky elf32-msp430)
